Archive member included to satisfy reference by file (symbol)

c:/program files (x86)/atmel/studio/7.0/toolchain/avr8/avr8-gnu-toolchain/bin/../lib/gcc/avr/4.9.2/avr5\libgcc.a(_udivmodsi4.o)
                              SD/ff.o (__udivmodsi4)
c:/program files (x86)/atmel/studio/7.0/toolchain/avr8/avr8-gnu-toolchain/bin/../lib/gcc/avr/4.9.2/avr5\libgcc.a(_exit.o)
                              C:/Program Files (x86)/Atmel/Studio/7.0/Packs/atmel/ATmega_DFP/1.0.98/gcc/dev/atmega64/avr5/crtatmega64.o (exit)
c:/program files (x86)/atmel/studio/7.0/toolchain/avr8/avr8-gnu-toolchain/bin/../lib/gcc/avr/4.9.2/avr5\libgcc.a(_tablejump2.o)
                              SD/ff.o (__tablejump2__)
c:/program files (x86)/atmel/studio/7.0/toolchain/avr8/avr8-gnu-toolchain/bin/../lib/gcc/avr/4.9.2/avr5\libgcc.a(_copy_data.o)
                              LOGGER/LOGGER.o (__do_copy_data)
c:/program files (x86)/atmel/studio/7.0/toolchain/avr8/avr8-gnu-toolchain/bin/../lib/gcc/avr/4.9.2/avr5\libgcc.a(_clear_bss.o)
                              I2C/I2C.o (__do_clear_bss)
c:/program files (x86)/atmel/studio/7.0/toolchain/avr8/avr8-gnu-toolchain/bin/../lib/gcc/avr/4.9.2/avr5\libgcc.a(_ctors.o)
                              main.o (__do_global_ctors)
c:/program files (x86)/atmel/studio/7.0/toolchain/avr8/avr8-gnu-toolchain/bin/../lib/gcc/avr/4.9.2/avr5\libgcc.a(_dtors.o)
                              main.o (__do_global_dtors)
c:/program files (x86)/atmel/studio/7.0/toolchain/avr8/avr8-gnu-toolchain/bin/../lib/gcc/avr/4.9.2/avr5\libgcc.a(_muluhisi3.o)
                              SD/ff.o (__muluhisi3)
c:/program files (x86)/atmel/studio/7.0/toolchain/avr8/avr8-gnu-toolchain/bin/../lib/gcc/avr/4.9.2/avr5\libgcc.a(_umulhisi3.o)
                              c:/program files (x86)/atmel/studio/7.0/toolchain/avr8/avr8-gnu-toolchain/bin/../lib/gcc/avr/4.9.2/avr5\libgcc.a(_muluhisi3.o) (__umulhisi3)
c:/program files (x86)/atmel/studio/7.0/toolchain/avr8/avr8-gnu-toolchain/bin/../lib/gcc/avr/4.9.2/../../../../avr/lib/avr5\libm.a(divsf3.o)
                              DHT/DHT.o (__divsf3)
c:/program files (x86)/atmel/studio/7.0/toolchain/avr8/avr8-gnu-toolchain/bin/../lib/gcc/avr/4.9.2/../../../../avr/lib/avr5\libm.a(divsf3x.o)
                              c:/program files (x86)/atmel/studio/7.0/toolchain/avr8/avr8-gnu-toolchain/bin/../lib/gcc/avr/4.9.2/../../../../avr/lib/avr5\libm.a(divsf3.o) (__divsf3x)
c:/program files (x86)/atmel/studio/7.0/toolchain/avr8/avr8-gnu-toolchain/bin/../lib/gcc/avr/4.9.2/../../../../avr/lib/avr5\libm.a(fixunssfsi.o)
                              DHT/DHT.o (__fixunssfsi)
c:/program files (x86)/atmel/studio/7.0/toolchain/avr8/avr8-gnu-toolchain/bin/../lib/gcc/avr/4.9.2/../../../../avr/lib/avr5\libm.a(floatsisf.o)
                              DHT/DHT.o (__floatunsisf)
c:/program files (x86)/atmel/studio/7.0/toolchain/avr8/avr8-gnu-toolchain/bin/../lib/gcc/avr/4.9.2/../../../../avr/lib/avr5\libm.a(fp_inf.o)
                              c:/program files (x86)/atmel/studio/7.0/toolchain/avr8/avr8-gnu-toolchain/bin/../lib/gcc/avr/4.9.2/../../../../avr/lib/avr5\libm.a(divsf3x.o) (__fp_inf)
c:/program files (x86)/atmel/studio/7.0/toolchain/avr8/avr8-gnu-toolchain/bin/../lib/gcc/avr/4.9.2/../../../../avr/lib/avr5\libm.a(fp_nan.o)
                              c:/program files (x86)/atmel/studio/7.0/toolchain/avr8/avr8-gnu-toolchain/bin/../lib/gcc/avr/4.9.2/../../../../avr/lib/avr5\libm.a(divsf3x.o) (__fp_nan)
c:/program files (x86)/atmel/studio/7.0/toolchain/avr8/avr8-gnu-toolchain/bin/../lib/gcc/avr/4.9.2/../../../../avr/lib/avr5\libm.a(fp_pscA.o)
                              c:/program files (x86)/atmel/studio/7.0/toolchain/avr8/avr8-gnu-toolchain/bin/../lib/gcc/avr/4.9.2/../../../../avr/lib/avr5\libm.a(divsf3x.o) (__fp_pscA)
c:/program files (x86)/atmel/studio/7.0/toolchain/avr8/avr8-gnu-toolchain/bin/../lib/gcc/avr/4.9.2/../../../../avr/lib/avr5\libm.a(fp_pscB.o)
                              c:/program files (x86)/atmel/studio/7.0/toolchain/avr8/avr8-gnu-toolchain/bin/../lib/gcc/avr/4.9.2/../../../../avr/lib/avr5\libm.a(divsf3x.o) (__fp_pscB)
c:/program files (x86)/atmel/studio/7.0/toolchain/avr8/avr8-gnu-toolchain/bin/../lib/gcc/avr/4.9.2/../../../../avr/lib/avr5\libm.a(fp_round.o)
                              c:/program files (x86)/atmel/studio/7.0/toolchain/avr8/avr8-gnu-toolchain/bin/../lib/gcc/avr/4.9.2/../../../../avr/lib/avr5\libm.a(divsf3.o) (__fp_round)
c:/program files (x86)/atmel/studio/7.0/toolchain/avr8/avr8-gnu-toolchain/bin/../lib/gcc/avr/4.9.2/../../../../avr/lib/avr5\libm.a(fp_split3.o)
                              c:/program files (x86)/atmel/studio/7.0/toolchain/avr8/avr8-gnu-toolchain/bin/../lib/gcc/avr/4.9.2/../../../../avr/lib/avr5\libm.a(divsf3x.o) (__fp_split3)
c:/program files (x86)/atmel/studio/7.0/toolchain/avr8/avr8-gnu-toolchain/bin/../lib/gcc/avr/4.9.2/../../../../avr/lib/avr5\libm.a(fp_zero.o)
                              c:/program files (x86)/atmel/studio/7.0/toolchain/avr8/avr8-gnu-toolchain/bin/../lib/gcc/avr/4.9.2/../../../../avr/lib/avr5\libm.a(fixunssfsi.o) (__fp_zero)
c:/program files (x86)/atmel/studio/7.0/toolchain/avr8/avr8-gnu-toolchain/bin/../lib/gcc/avr/4.9.2/../../../../avr/lib/avr5\libc.a(memset.o)
                              LOGGER/LOGGER.o (memset)
c:/program files (x86)/atmel/studio/7.0/toolchain/avr8/avr8-gnu-toolchain/bin/../lib/gcc/avr/4.9.2/../../../../avr/lib/avr5\libc.a(strcpy.o)
                              LOGGER/LOGGER.o (strcpy)
c:/program files (x86)/atmel/studio/7.0/toolchain/avr8/avr8-gnu-toolchain/bin/../lib/gcc/avr/4.9.2/../../../../avr/lib/avr5\libc.a(strstr.o)
                              WIFI/WIFI.o (strstr)
c:/program files (x86)/atmel/studio/7.0/toolchain/avr8/avr8-gnu-toolchain/bin/../lib/gcc/avr/4.9.2/../../../../avr/lib/avr5\libc.a(sprintf.o)
                              LOGGER/LOGGER.o (sprintf)
c:/program files (x86)/atmel/studio/7.0/toolchain/avr8/avr8-gnu-toolchain/bin/../lib/gcc/avr/4.9.2/../../../../avr/lib/avr5\libc.a(vfprintf_std.o)
                              c:/program files (x86)/atmel/studio/7.0/toolchain/avr8/avr8-gnu-toolchain/bin/../lib/gcc/avr/4.9.2/../../../../avr/lib/avr5\libc.a(sprintf.o) (vfprintf)
c:/program files (x86)/atmel/studio/7.0/toolchain/avr8/avr8-gnu-toolchain/bin/../lib/gcc/avr/4.9.2/../../../../avr/lib/avr5\libc.a(strnlen_P.o)
                              c:/program files (x86)/atmel/studio/7.0/toolchain/avr8/avr8-gnu-toolchain/bin/../lib/gcc/avr/4.9.2/../../../../avr/lib/avr5\libc.a(vfprintf_std.o) (strnlen_P)
c:/program files (x86)/atmel/studio/7.0/toolchain/avr8/avr8-gnu-toolchain/bin/../lib/gcc/avr/4.9.2/../../../../avr/lib/avr5\libc.a(strnlen.o)
                              c:/program files (x86)/atmel/studio/7.0/toolchain/avr8/avr8-gnu-toolchain/bin/../lib/gcc/avr/4.9.2/../../../../avr/lib/avr5\libc.a(vfprintf_std.o) (strnlen)
c:/program files (x86)/atmel/studio/7.0/toolchain/avr8/avr8-gnu-toolchain/bin/../lib/gcc/avr/4.9.2/../../../../avr/lib/avr5\libc.a(fputc.o)
                              c:/program files (x86)/atmel/studio/7.0/toolchain/avr8/avr8-gnu-toolchain/bin/../lib/gcc/avr/4.9.2/../../../../avr/lib/avr5\libc.a(vfprintf_std.o) (fputc)
c:/program files (x86)/atmel/studio/7.0/toolchain/avr8/avr8-gnu-toolchain/bin/../lib/gcc/avr/4.9.2/../../../../avr/lib/avr5\libc.a(ultoa_invert.o)
                              c:/program files (x86)/atmel/studio/7.0/toolchain/avr8/avr8-gnu-toolchain/bin/../lib/gcc/avr/4.9.2/../../../../avr/lib/avr5\libc.a(vfprintf_std.o) (__ultoa_invert)
c:/program files (x86)/atmel/studio/7.0/toolchain/avr8/avr8-gnu-toolchain/bin/../lib/gcc/avr/4.9.2/avr5\libgcc.a(_prologue.o)
                              c:/program files (x86)/atmel/studio/7.0/toolchain/avr8/avr8-gnu-toolchain/bin/../lib/gcc/avr/4.9.2/../../../../avr/lib/avr5\libc.a(sprintf.o) (__prologue_saves__)
c:/program files (x86)/atmel/studio/7.0/toolchain/avr8/avr8-gnu-toolchain/bin/../lib/gcc/avr/4.9.2/avr5\libgcc.a(_epilogue.o)
                              c:/program files (x86)/atmel/studio/7.0/toolchain/avr8/avr8-gnu-toolchain/bin/../lib/gcc/avr/4.9.2/../../../../avr/lib/avr5\libc.a(sprintf.o) (__epilogue_restores__)

Discarded input sections

 .data          0x00000000        0x0 C:/Program Files (x86)/Atmel/Studio/7.0/Packs/atmel/ATmega_DFP/1.0.98/gcc/dev/atmega64/avr5/crtatmega64.o
 .bss           0x00000000        0x0 C:/Program Files (x86)/Atmel/Studio/7.0/Packs/atmel/ATmega_DFP/1.0.98/gcc/dev/atmega64/avr5/crtatmega64.o
 .text          0x00000000        0x0 ADC/ADCLIB.o
 .data          0x00000000        0x0 ADC/ADCLIB.o
 .bss           0x00000000        0x0 ADC/ADCLIB.o
 .text          0x00000000        0x0 DHT/DHT.o
 .data          0x00000000        0x0 DHT/DHT.o
 .bss           0x00000000        0x0 DHT/DHT.o
 .text          0x00000000        0x0 GPRS/GPRS.o
 .data          0x00000000        0x0 GPRS/GPRS.o
 .bss           0x00000000        0x0 GPRS/GPRS.o
 .debug_info    0x00000000       0x72 GPRS/GPRS.o
 .debug_abbrev  0x00000000       0x26 GPRS/GPRS.o
 .debug_aranges
                0x00000000       0x18 GPRS/GPRS.o
 .debug_line    0x00000000       0x1a GPRS/GPRS.o
 .debug_str     0x00000000      0x20b GPRS/GPRS.o
 .comment       0x00000000       0x31 GPRS/GPRS.o
 .text          0x00000000        0x0 I2C/I2C.o
 .data          0x00000000        0x0 I2C/I2C.o
 .bss           0x00000000        0x0 I2C/I2C.o
 .text._ZN3I2C5ERROREv
                0x00000000        0xc I2C/I2C.o
 .text._ZN3I2C8Read_AckEv
                0x00000000       0x26 I2C/I2C.o
 .bss.flag      0x00000000        0x2 I2C/I2C.o
 .text          0x00000000        0x0 LOGGER/LOGGER.o
 .data          0x00000000        0x0 LOGGER/LOGGER.o
 .bss           0x00000000        0x0 LOGGER/LOGGER.o
 .text._ZN6LOGGER13send_to_USARTEP5USART
                0x00000000       0x30 LOGGER/LOGGER.o
 .text          0x00000000        0x0 main.o
 .data          0x00000000        0x0 main.o
 .bss           0x00000000        0x0 main.o
 .text._Z17readPotentiometerhh
                0x00000000       0x40 main.o
 .data.device_id
                0x00000000        0x2 main.o
 .bss.lines_len_INDEX
                0x00000000        0x2 main.o
 .bss.lines_len
                0x00000000       0xc8 main.o
 .data.lines_len_size
                0x00000000        0x2 main.o
 .bss.sny_lowocc_us_main
                0x00000000        0x4 main.o
 .bss.lines     0x00000000        0x2 main.o
 .bss.tx_overflow
                0x00000000        0x1 main.o
 .bss.sinyei_overflow
                0x00000000        0x1 main.o
 .bss.tot_overflow
                0x00000000        0x1 main.o
 .bss.tempfile_select2
                0x00000000        0x2 main.o
 .bss.tempfile_select
                0x00000000        0x1 main.o
 .data.temp_filename1
                0x00000000        0xa main.o
 .data.temp_filename0
                0x00000000        0xa main.o
 .bss.times_logged2
                0x00000000        0x2 main.o
 .bss.times_logged
                0x00000000        0x2 main.o
 .bss.BAD_VECT_COUNT
                0x00000000        0x1 main.o
 .bss.humidity  0x00000000        0x2 main.o
 .bss.temperature
                0x00000000        0x2 main.o
 .bss.mux       0x00000000        0x4 main.o
 .bss.sharp     0x00000000        0x4 main.o
 .bss.SINYEI_logged
                0x00000000        0x2 main.o
 .bss.SINYEI    0x00000000      0x12c main.o
 .bss.FILE_len  0x00000000        0x2 main.o
 .bss.BUFFER_sd
                0x00000000      0x12c main.o
 .bss.BUFFER    0x00000000      0x12c main.o
 .bss.sensors   0x00000000       0x20 main.o
 .bss.tempfile1
                0x00000000       0x20 main.o
 .bss.tempfile0
                0x00000000       0x20 main.o
 .text          0x00000000        0x0 PIC/PIC.o
 .data          0x00000000        0x0 PIC/PIC.o
 .bss           0x00000000        0x0 PIC/PIC.o
 .text._ZN3PIC4ReadEP3I2Chh
                0x00000000       0x44 PIC/PIC.o
 .text          0x00000000        0x0 PIN/PIN.o
 .data          0x00000000        0x0 PIN/PIN.o
 .bss           0x00000000        0x0 PIN/PIN.o
 .text          0x00000000        0x0 RTC/RTC.o
 .data          0x00000000        0x0 RTC/RTC.o
 .bss           0x00000000        0x0 RTC/RTC.o
 .text._ZN3RTC10InitializeEv
                0x00000000        0xc RTC/RTC.o
 .text._ZN3RTC12Write_RStartEP3I2Chh
                0x00000000       0x3a RTC/RTC.o
 .text._ZN3RTC11Write_StartEP3I2Chh
                0x00000000       0x3a RTC/RTC.o
 .text._ZN3RTC10Write_StopEP3I2Chh
                0x00000000       0x40 RTC/RTC.o
 .text._ZN3RTC8Set_TimeEP3I2Chhhhhh
                0x00000000       0x88 RTC/RTC.o
 .text          0x00000000        0x0 SD/ff.o
 .data          0x00000000        0x0 SD/ff.o
 .bss           0x00000000        0x0 SD/ff.o
 .text.get_fileinfo
                0x00000000       0x9a SD/ff.o
 .text.dir_remove
                0x00000000       0x56 SD/ff.o
 .text.dir_read
                0x00000000       0xa2 SD/ff.o
 .text.putc_bfd
                0x00000000       0x9c SD/ff.o
 .text.f_chdrive
                0x00000000       0x2e SD/ff.o
 .text.f_chdir  0x00000000       0xac SD/ff.o
 .text.f_getcwd
                0x00000000      0x228 SD/ff.o
 .text.f_opendir
                0x00000000       0xde SD/ff.o
 .text.f_closedir
                0x00000000       0x18 SD/ff.o
 .text.f_readdir
                0x00000000       0xae SD/ff.o
 .text.f_stat   0x00000000       0x84 SD/ff.o
 .text.f_getfree
                0x00000000      0x1f8 SD/ff.o
 .text.f_truncate
                0x00000000      0x118 SD/ff.o
 .text.f_unlink
                0x00000000      0x150 SD/ff.o
 .text.f_mkdir  0x00000000      0x25e SD/ff.o
 .text.f_chmod  0x00000000       0x9c SD/ff.o
 .text.f_rename
                0x00000000      0x1d0 SD/ff.o
 .text.f_utime  0x00000000       0xa4 SD/ff.o
 .text.f_getlabel
                0x00000000      0x106 SD/ff.o
 .text.f_setlabel
                0x00000000      0x26e SD/ff.o
 .text.f_mkfs   0x00000000      0xa76 SD/ff.o
 .text.f_putc   0x00000000       0x88 SD/ff.o
 .text.f_puts   0x00000000       0xa6 SD/ff.o
 .text.f_printf
                0x00000000      0x4aa SD/ff.o
 .progmem.gcc_sw_table.f_printf
                0x00000000       0x2e SD/ff.o
 .rodata.cst.2169
                0x00000000       0x16 SD/ff.o
 .rodata.vst.2168
                0x00000000       0x16 SD/ff.o
 .text          0x00000000        0x0 SD/mmc_bb.o
 .data          0x00000000        0x0 SD/mmc_bb.o
 .bss           0x00000000        0x0 SD/mmc_bb.o
 .text.disk_timerproc
                0x00000000        0x2 SD/mmc_bb.o
 .text          0x00000000        0x0 SD/SDMacro.o
 .data          0x00000000        0x0 SD/SDMacro.o
 .bss           0x00000000        0x0 SD/SDMacro.o
 .text._ZN7SDMacro9OverWriteE3FILPc
                0x00000000       0x38 SD/SDMacro.o
 .text._ZN7SDMacro10DeleteFileE3FILPc
                0x00000000       0x32 SD/SDMacro.o
 .text._ZN7SDMacro11GetFileSizeE3FILPc
                0x00000000       0x32 SD/SDMacro.o
 .text._ZN7SDMacro6ReadSDE3FILP5USARTPcii
                0x00000000       0xf2 SD/SDMacro.o
 .text._ZN7SDMacro14getCredentialsE3FILPc
                0x00000000       0x92 SD/SDMacro.o
 .text          0x00000000        0x0 TIMER/TIMER.o
 .data          0x00000000        0x0 TIMER/TIMER.o
 .bss           0x00000000        0x0 TIMER/TIMER.o
 .text._ZN5TIMER11TIMER1_initEv
                0x00000000       0x1e TIMER/TIMER.o
 .bss.TIMER_COUNT
                0x00000000        0x2 TIMER/TIMER.o
 .text          0x00000000        0x0 TIMER/TIMER2.o
 .data          0x00000000        0x0 TIMER/TIMER2.o
 .bss           0x00000000        0x0 TIMER/TIMER2.o
 .text._ZN6TIMER29check_ICPEv
                0x00000000       0x4c TIMER/TIMER2.o
 .text          0x00000000        0x0 USART/USART.o
 .data          0x00000000        0x0 USART/USART.o
 .bss           0x00000000        0x0 USART/USART.o
 .text._ZN5USART8Receive1Ev
                0x00000000       0x10 USART/USART.o
 .text._ZN5USART8Receive0Ev
                0x00000000        0x8 USART/USART.o
 .text._ZN5USART10available1Ev
                0x00000000        0xa USART/USART.o
 .text._ZN5USART10available0Ev
                0x00000000        0x8 USART/USART.o
 .text          0x00000000        0x0 WIFI/WIFI.o
 .data          0x00000000        0x0 WIFI/WIFI.o
 .bss           0x00000000        0x0 WIFI/WIFI.o
 .text._ZN4WIFI11sendSpecialEP5USART
                0x00000000        0xe WIFI/WIFI.o
 .text._ZN4WIFI12checknetworkEP5USARTPci
                0x00000000       0x90 WIFI/WIFI.o
 .text._ZN4WIFI4POSTE3FILP7SDMacroP5USARTPcS5_S5_ii
                0x00000000      0x288 WIFI/WIFI.o
 .text._ZN4WIFI14send_multipartE3FILP7SDMacroP5USARTPciPi
                0x00000000      0x524 WIFI/WIFI.o
 .bss.post_STATUS
                0x00000000        0x2 WIFI/WIFI.o
 .bss.message_status
                0x00000000        0x2 WIFI/WIFI.o
 .bss.connection_status
                0x00000000        0x2 WIFI/WIFI.o
 .bss.IP_status
                0x00000000        0x2 WIFI/WIFI.o
 .text          0x00000000        0x0 c:/program files (x86)/atmel/studio/7.0/toolchain/avr8/avr8-gnu-toolchain/bin/../lib/gcc/avr/4.9.2/avr5\libgcc.a(_udivmodsi4.o)
 .data          0x00000000        0x0 c:/program files (x86)/atmel/studio/7.0/toolchain/avr8/avr8-gnu-toolchain/bin/../lib/gcc/avr/4.9.2/avr5\libgcc.a(_udivmodsi4.o)
 .bss           0x00000000        0x0 c:/program files (x86)/atmel/studio/7.0/toolchain/avr8/avr8-gnu-toolchain/bin/../lib/gcc/avr/4.9.2/avr5\libgcc.a(_udivmodsi4.o)
 .text.libgcc.mul
                0x00000000        0x0 c:/program files (x86)/atmel/studio/7.0/toolchain/avr8/avr8-gnu-toolchain/bin/../lib/gcc/avr/4.9.2/avr5\libgcc.a(_udivmodsi4.o)
 .text.libgcc   0x00000000        0x0 c:/program files (x86)/atmel/studio/7.0/toolchain/avr8/avr8-gnu-toolchain/bin/../lib/gcc/avr/4.9.2/avr5\libgcc.a(_udivmodsi4.o)
 .text.libgcc.prologue
                0x00000000        0x0 c:/program files (x86)/atmel/studio/7.0/toolchain/avr8/avr8-gnu-toolchain/bin/../lib/gcc/avr/4.9.2/avr5\libgcc.a(_udivmodsi4.o)
 .text.libgcc.builtins
                0x00000000        0x0 c:/program files (x86)/atmel/studio/7.0/toolchain/avr8/avr8-gnu-toolchain/bin/../lib/gcc/avr/4.9.2/avr5\libgcc.a(_udivmodsi4.o)
 .text.libgcc.fmul
                0x00000000        0x0 c:/program files (x86)/atmel/studio/7.0/toolchain/avr8/avr8-gnu-toolchain/bin/../lib/gcc/avr/4.9.2/avr5\libgcc.a(_udivmodsi4.o)
 .text.libgcc.fixed
                0x00000000        0x0 c:/program files (x86)/atmel/studio/7.0/toolchain/avr8/avr8-gnu-toolchain/bin/../lib/gcc/avr/4.9.2/avr5\libgcc.a(_udivmodsi4.o)
 .text          0x00000000        0x0 c:/program files (x86)/atmel/studio/7.0/toolchain/avr8/avr8-gnu-toolchain/bin/../lib/gcc/avr/4.9.2/avr5\libgcc.a(_exit.o)
 .data          0x00000000        0x0 c:/program files (x86)/atmel/studio/7.0/toolchain/avr8/avr8-gnu-toolchain/bin/../lib/gcc/avr/4.9.2/avr5\libgcc.a(_exit.o)
 .bss           0x00000000        0x0 c:/program files (x86)/atmel/studio/7.0/toolchain/avr8/avr8-gnu-toolchain/bin/../lib/gcc/avr/4.9.2/avr5\libgcc.a(_exit.o)
 .text.libgcc.mul
                0x00000000        0x0 c:/program files (x86)/atmel/studio/7.0/toolchain/avr8/avr8-gnu-toolchain/bin/../lib/gcc/avr/4.9.2/avr5\libgcc.a(_exit.o)
 .text.libgcc.div
                0x00000000        0x0 c:/program files (x86)/atmel/studio/7.0/toolchain/avr8/avr8-gnu-toolchain/bin/../lib/gcc/avr/4.9.2/avr5\libgcc.a(_exit.o)
 .text.libgcc   0x00000000        0x0 c:/program files (x86)/atmel/studio/7.0/toolchain/avr8/avr8-gnu-toolchain/bin/../lib/gcc/avr/4.9.2/avr5\libgcc.a(_exit.o)
 .text.libgcc.prologue
                0x00000000        0x0 c:/program files (x86)/atmel/studio/7.0/toolchain/avr8/avr8-gnu-toolchain/bin/../lib/gcc/avr/4.9.2/avr5\libgcc.a(_exit.o)
 .text.libgcc.builtins
                0x00000000        0x0 c:/program files (x86)/atmel/studio/7.0/toolchain/avr8/avr8-gnu-toolchain/bin/../lib/gcc/avr/4.9.2/avr5\libgcc.a(_exit.o)
 .text.libgcc.fmul
                0x00000000        0x0 c:/program files (x86)/atmel/studio/7.0/toolchain/avr8/avr8-gnu-toolchain/bin/../lib/gcc/avr/4.9.2/avr5\libgcc.a(_exit.o)
 .text.libgcc.fixed
                0x00000000        0x0 c:/program files (x86)/atmel/studio/7.0/toolchain/avr8/avr8-gnu-toolchain/bin/../lib/gcc/avr/4.9.2/avr5\libgcc.a(_exit.o)
 .text          0x00000000        0x0 c:/program files (x86)/atmel/studio/7.0/toolchain/avr8/avr8-gnu-toolchain/bin/../lib/gcc/avr/4.9.2/avr5\libgcc.a(_tablejump2.o)
 .data          0x00000000        0x0 c:/program files (x86)/atmel/studio/7.0/toolchain/avr8/avr8-gnu-toolchain/bin/../lib/gcc/avr/4.9.2/avr5\libgcc.a(_tablejump2.o)
 .bss           0x00000000        0x0 c:/program files (x86)/atmel/studio/7.0/toolchain/avr8/avr8-gnu-toolchain/bin/../lib/gcc/avr/4.9.2/avr5\libgcc.a(_tablejump2.o)
 .text.libgcc.mul
                0x00000000        0x0 c:/program files (x86)/atmel/studio/7.0/toolchain/avr8/avr8-gnu-toolchain/bin/../lib/gcc/avr/4.9.2/avr5\libgcc.a(_tablejump2.o)
 .text.libgcc.div
                0x00000000        0x0 c:/program files (x86)/atmel/studio/7.0/toolchain/avr8/avr8-gnu-toolchain/bin/../lib/gcc/avr/4.9.2/avr5\libgcc.a(_tablejump2.o)
 .text.libgcc.prologue
                0x00000000        0x0 c:/program files (x86)/atmel/studio/7.0/toolchain/avr8/avr8-gnu-toolchain/bin/../lib/gcc/avr/4.9.2/avr5\libgcc.a(_tablejump2.o)
 .text.libgcc.builtins
                0x00000000        0x0 c:/program files (x86)/atmel/studio/7.0/toolchain/avr8/avr8-gnu-toolchain/bin/../lib/gcc/avr/4.9.2/avr5\libgcc.a(_tablejump2.o)
 .text.libgcc.fmul
                0x00000000        0x0 c:/program files (x86)/atmel/studio/7.0/toolchain/avr8/avr8-gnu-toolchain/bin/../lib/gcc/avr/4.9.2/avr5\libgcc.a(_tablejump2.o)
 .text.libgcc.fixed
                0x00000000        0x0 c:/program files (x86)/atmel/studio/7.0/toolchain/avr8/avr8-gnu-toolchain/bin/../lib/gcc/avr/4.9.2/avr5\libgcc.a(_tablejump2.o)
 .text          0x00000000        0x0 c:/program files (x86)/atmel/studio/7.0/toolchain/avr8/avr8-gnu-toolchain/bin/../lib/gcc/avr/4.9.2/avr5\libgcc.a(_copy_data.o)
 .data          0x00000000        0x0 c:/program files (x86)/atmel/studio/7.0/toolchain/avr8/avr8-gnu-toolchain/bin/../lib/gcc/avr/4.9.2/avr5\libgcc.a(_copy_data.o)
 .bss           0x00000000        0x0 c:/program files (x86)/atmel/studio/7.0/toolchain/avr8/avr8-gnu-toolchain/bin/../lib/gcc/avr/4.9.2/avr5\libgcc.a(_copy_data.o)
 .text.libgcc.mul
                0x00000000        0x0 c:/program files (x86)/atmel/studio/7.0/toolchain/avr8/avr8-gnu-toolchain/bin/../lib/gcc/avr/4.9.2/avr5\libgcc.a(_copy_data.o)
 .text.libgcc.div
                0x00000000        0x0 c:/program files (x86)/atmel/studio/7.0/toolchain/avr8/avr8-gnu-toolchain/bin/../lib/gcc/avr/4.9.2/avr5\libgcc.a(_copy_data.o)
 .text.libgcc   0x00000000        0x0 c:/program files (x86)/atmel/studio/7.0/toolchain/avr8/avr8-gnu-toolchain/bin/../lib/gcc/avr/4.9.2/avr5\libgcc.a(_copy_data.o)
 .text.libgcc.prologue
                0x00000000        0x0 c:/program files (x86)/atmel/studio/7.0/toolchain/avr8/avr8-gnu-toolchain/bin/../lib/gcc/avr/4.9.2/avr5\libgcc.a(_copy_data.o)
 .text.libgcc.builtins
                0x00000000        0x0 c:/program files (x86)/atmel/studio/7.0/toolchain/avr8/avr8-gnu-toolchain/bin/../lib/gcc/avr/4.9.2/avr5\libgcc.a(_copy_data.o)
 .text.libgcc.fmul
                0x00000000        0x0 c:/program files (x86)/atmel/studio/7.0/toolchain/avr8/avr8-gnu-toolchain/bin/../lib/gcc/avr/4.9.2/avr5\libgcc.a(_copy_data.o)
 .text.libgcc.fixed
                0x00000000        0x0 c:/program files (x86)/atmel/studio/7.0/toolchain/avr8/avr8-gnu-toolchain/bin/../lib/gcc/avr/4.9.2/avr5\libgcc.a(_copy_data.o)
 .text          0x00000000        0x0 c:/program files (x86)/atmel/studio/7.0/toolchain/avr8/avr8-gnu-toolchain/bin/../lib/gcc/avr/4.9.2/avr5\libgcc.a(_clear_bss.o)
 .data          0x00000000        0x0 c:/program files (x86)/atmel/studio/7.0/toolchain/avr8/avr8-gnu-toolchain/bin/../lib/gcc/avr/4.9.2/avr5\libgcc.a(_clear_bss.o)
 .bss           0x00000000        0x0 c:/program files (x86)/atmel/studio/7.0/toolchain/avr8/avr8-gnu-toolchain/bin/../lib/gcc/avr/4.9.2/avr5\libgcc.a(_clear_bss.o)
 .text.libgcc.mul
                0x00000000        0x0 c:/program files (x86)/atmel/studio/7.0/toolchain/avr8/avr8-gnu-toolchain/bin/../lib/gcc/avr/4.9.2/avr5\libgcc.a(_clear_bss.o)
 .text.libgcc.div
                0x00000000        0x0 c:/program files (x86)/atmel/studio/7.0/toolchain/avr8/avr8-gnu-toolchain/bin/../lib/gcc/avr/4.9.2/avr5\libgcc.a(_clear_bss.o)
 .text.libgcc   0x00000000        0x0 c:/program files (x86)/atmel/studio/7.0/toolchain/avr8/avr8-gnu-toolchain/bin/../lib/gcc/avr/4.9.2/avr5\libgcc.a(_clear_bss.o)
 .text.libgcc.prologue
                0x00000000        0x0 c:/program files (x86)/atmel/studio/7.0/toolchain/avr8/avr8-gnu-toolchain/bin/../lib/gcc/avr/4.9.2/avr5\libgcc.a(_clear_bss.o)
 .text.libgcc.builtins
                0x00000000        0x0 c:/program files (x86)/atmel/studio/7.0/toolchain/avr8/avr8-gnu-toolchain/bin/../lib/gcc/avr/4.9.2/avr5\libgcc.a(_clear_bss.o)
 .text.libgcc.fmul
                0x00000000        0x0 c:/program files (x86)/atmel/studio/7.0/toolchain/avr8/avr8-gnu-toolchain/bin/../lib/gcc/avr/4.9.2/avr5\libgcc.a(_clear_bss.o)
 .text.libgcc.fixed
                0x00000000        0x0 c:/program files (x86)/atmel/studio/7.0/toolchain/avr8/avr8-gnu-toolchain/bin/../lib/gcc/avr/4.9.2/avr5\libgcc.a(_clear_bss.o)
 .text          0x00000000        0x0 c:/program files (x86)/atmel/studio/7.0/toolchain/avr8/avr8-gnu-toolchain/bin/../lib/gcc/avr/4.9.2/avr5\libgcc.a(_ctors.o)
 .data          0x00000000        0x0 c:/program files (x86)/atmel/studio/7.0/toolchain/avr8/avr8-gnu-toolchain/bin/../lib/gcc/avr/4.9.2/avr5\libgcc.a(_ctors.o)
 .bss           0x00000000        0x0 c:/program files (x86)/atmel/studio/7.0/toolchain/avr8/avr8-gnu-toolchain/bin/../lib/gcc/avr/4.9.2/avr5\libgcc.a(_ctors.o)
 .text.libgcc.mul
                0x00000000        0x0 c:/program files (x86)/atmel/studio/7.0/toolchain/avr8/avr8-gnu-toolchain/bin/../lib/gcc/avr/4.9.2/avr5\libgcc.a(_ctors.o)
 .text.libgcc.div
                0x00000000        0x0 c:/program files (x86)/atmel/studio/7.0/toolchain/avr8/avr8-gnu-toolchain/bin/../lib/gcc/avr/4.9.2/avr5\libgcc.a(_ctors.o)
 .text.libgcc   0x00000000        0x0 c:/program files (x86)/atmel/studio/7.0/toolchain/avr8/avr8-gnu-toolchain/bin/../lib/gcc/avr/4.9.2/avr5\libgcc.a(_ctors.o)
 .text.libgcc.prologue
                0x00000000        0x0 c:/program files (x86)/atmel/studio/7.0/toolchain/avr8/avr8-gnu-toolchain/bin/../lib/gcc/avr/4.9.2/avr5\libgcc.a(_ctors.o)
 .text.libgcc.builtins
                0x00000000        0x0 c:/program files (x86)/atmel/studio/7.0/toolchain/avr8/avr8-gnu-toolchain/bin/../lib/gcc/avr/4.9.2/avr5\libgcc.a(_ctors.o)
 .text.libgcc.fmul
                0x00000000        0x0 c:/program files (x86)/atmel/studio/7.0/toolchain/avr8/avr8-gnu-toolchain/bin/../lib/gcc/avr/4.9.2/avr5\libgcc.a(_ctors.o)
 .text.libgcc.fixed
                0x00000000        0x0 c:/program files (x86)/atmel/studio/7.0/toolchain/avr8/avr8-gnu-toolchain/bin/../lib/gcc/avr/4.9.2/avr5\libgcc.a(_ctors.o)
 .text          0x00000000        0x0 c:/program files (x86)/atmel/studio/7.0/toolchain/avr8/avr8-gnu-toolchain/bin/../lib/gcc/avr/4.9.2/avr5\libgcc.a(_dtors.o)
 .data          0x00000000        0x0 c:/program files (x86)/atmel/studio/7.0/toolchain/avr8/avr8-gnu-toolchain/bin/../lib/gcc/avr/4.9.2/avr5\libgcc.a(_dtors.o)
 .bss           0x00000000        0x0 c:/program files (x86)/atmel/studio/7.0/toolchain/avr8/avr8-gnu-toolchain/bin/../lib/gcc/avr/4.9.2/avr5\libgcc.a(_dtors.o)
 .text.libgcc.mul
                0x00000000        0x0 c:/program files (x86)/atmel/studio/7.0/toolchain/avr8/avr8-gnu-toolchain/bin/../lib/gcc/avr/4.9.2/avr5\libgcc.a(_dtors.o)
 .text.libgcc.div
                0x00000000        0x0 c:/program files (x86)/atmel/studio/7.0/toolchain/avr8/avr8-gnu-toolchain/bin/../lib/gcc/avr/4.9.2/avr5\libgcc.a(_dtors.o)
 .text.libgcc   0x00000000        0x0 c:/program files (x86)/atmel/studio/7.0/toolchain/avr8/avr8-gnu-toolchain/bin/../lib/gcc/avr/4.9.2/avr5\libgcc.a(_dtors.o)
 .text.libgcc.prologue
                0x00000000        0x0 c:/program files (x86)/atmel/studio/7.0/toolchain/avr8/avr8-gnu-toolchain/bin/../lib/gcc/avr/4.9.2/avr5\libgcc.a(_dtors.o)
 .text.libgcc.builtins
                0x00000000        0x0 c:/program files (x86)/atmel/studio/7.0/toolchain/avr8/avr8-gnu-toolchain/bin/../lib/gcc/avr/4.9.2/avr5\libgcc.a(_dtors.o)
 .text.libgcc.fmul
                0x00000000        0x0 c:/program files (x86)/atmel/studio/7.0/toolchain/avr8/avr8-gnu-toolchain/bin/../lib/gcc/avr/4.9.2/avr5\libgcc.a(_dtors.o)
 .text.libgcc.fixed
                0x00000000        0x0 c:/program files (x86)/atmel/studio/7.0/toolchain/avr8/avr8-gnu-toolchain/bin/../lib/gcc/avr/4.9.2/avr5\libgcc.a(_dtors.o)
 .text          0x00000000        0x0 c:/program files (x86)/atmel/studio/7.0/toolchain/avr8/avr8-gnu-toolchain/bin/../lib/gcc/avr/4.9.2/avr5\libgcc.a(_muluhisi3.o)
 .data          0x00000000        0x0 c:/program files (x86)/atmel/studio/7.0/toolchain/avr8/avr8-gnu-toolchain/bin/../lib/gcc/avr/4.9.2/avr5\libgcc.a(_muluhisi3.o)
 .bss           0x00000000        0x0 c:/program files (x86)/atmel/studio/7.0/toolchain/avr8/avr8-gnu-toolchain/bin/../lib/gcc/avr/4.9.2/avr5\libgcc.a(_muluhisi3.o)
 .text.libgcc.div
                0x00000000        0x0 c:/program files (x86)/atmel/studio/7.0/toolchain/avr8/avr8-gnu-toolchain/bin/../lib/gcc/avr/4.9.2/avr5\libgcc.a(_muluhisi3.o)
 .text.libgcc   0x00000000        0x0 c:/program files (x86)/atmel/studio/7.0/toolchain/avr8/avr8-gnu-toolchain/bin/../lib/gcc/avr/4.9.2/avr5\libgcc.a(_muluhisi3.o)
 .text.libgcc.prologue
                0x00000000        0x0 c:/program files (x86)/atmel/studio/7.0/toolchain/avr8/avr8-gnu-toolchain/bin/../lib/gcc/avr/4.9.2/avr5\libgcc.a(_muluhisi3.o)
 .text.libgcc.builtins
                0x00000000        0x0 c:/program files (x86)/atmel/studio/7.0/toolchain/avr8/avr8-gnu-toolchain/bin/../lib/gcc/avr/4.9.2/avr5\libgcc.a(_muluhisi3.o)
 .text.libgcc.fmul
                0x00000000        0x0 c:/program files (x86)/atmel/studio/7.0/toolchain/avr8/avr8-gnu-toolchain/bin/../lib/gcc/avr/4.9.2/avr5\libgcc.a(_muluhisi3.o)
 .text.libgcc.fixed
                0x00000000        0x0 c:/program files (x86)/atmel/studio/7.0/toolchain/avr8/avr8-gnu-toolchain/bin/../lib/gcc/avr/4.9.2/avr5\libgcc.a(_muluhisi3.o)
 .text          0x00000000        0x0 c:/program files (x86)/atmel/studio/7.0/toolchain/avr8/avr8-gnu-toolchain/bin/../lib/gcc/avr/4.9.2/avr5\libgcc.a(_umulhisi3.o)
 .data          0x00000000        0x0 c:/program files (x86)/atmel/studio/7.0/toolchain/avr8/avr8-gnu-toolchain/bin/../lib/gcc/avr/4.9.2/avr5\libgcc.a(_umulhisi3.o)
 .bss           0x00000000        0x0 c:/program files (x86)/atmel/studio/7.0/toolchain/avr8/avr8-gnu-toolchain/bin/../lib/gcc/avr/4.9.2/avr5\libgcc.a(_umulhisi3.o)
 .text.libgcc.div
                0x00000000        0x0 c:/program files (x86)/atmel/studio/7.0/toolchain/avr8/avr8-gnu-toolchain/bin/../lib/gcc/avr/4.9.2/avr5\libgcc.a(_umulhisi3.o)
 .text.libgcc   0x00000000        0x0 c:/program files (x86)/atmel/studio/7.0/toolchain/avr8/avr8-gnu-toolchain/bin/../lib/gcc/avr/4.9.2/avr5\libgcc.a(_umulhisi3.o)
 .text.libgcc.prologue
                0x00000000        0x0 c:/program files (x86)/atmel/studio/7.0/toolchain/avr8/avr8-gnu-toolchain/bin/../lib/gcc/avr/4.9.2/avr5\libgcc.a(_umulhisi3.o)
 .text.libgcc.builtins
                0x00000000        0x0 c:/program files (x86)/atmel/studio/7.0/toolchain/avr8/avr8-gnu-toolchain/bin/../lib/gcc/avr/4.9.2/avr5\libgcc.a(_umulhisi3.o)
 .text.libgcc.fmul
                0x00000000        0x0 c:/program files (x86)/atmel/studio/7.0/toolchain/avr8/avr8-gnu-toolchain/bin/../lib/gcc/avr/4.9.2/avr5\libgcc.a(_umulhisi3.o)
 .text.libgcc.fixed
                0x00000000        0x0 c:/program files (x86)/atmel/studio/7.0/toolchain/avr8/avr8-gnu-toolchain/bin/../lib/gcc/avr/4.9.2/avr5\libgcc.a(_umulhisi3.o)
 .text          0x00000000        0x0 c:/program files (x86)/atmel/studio/7.0/toolchain/avr8/avr8-gnu-toolchain/bin/../lib/gcc/avr/4.9.2/../../../../avr/lib/avr5\libm.a(divsf3.o)
 .data          0x00000000        0x0 c:/program files (x86)/atmel/studio/7.0/toolchain/avr8/avr8-gnu-toolchain/bin/../lib/gcc/avr/4.9.2/../../../../avr/lib/avr5\libm.a(divsf3.o)
 .bss           0x00000000        0x0 c:/program files (x86)/atmel/studio/7.0/toolchain/avr8/avr8-gnu-toolchain/bin/../lib/gcc/avr/4.9.2/../../../../avr/lib/avr5\libm.a(divsf3.o)
 .text          0x00000000        0x0 c:/program files (x86)/atmel/studio/7.0/toolchain/avr8/avr8-gnu-toolchain/bin/../lib/gcc/avr/4.9.2/../../../../avr/lib/avr5\libm.a(divsf3x.o)
 .data          0x00000000        0x0 c:/program files (x86)/atmel/studio/7.0/toolchain/avr8/avr8-gnu-toolchain/bin/../lib/gcc/avr/4.9.2/../../../../avr/lib/avr5\libm.a(divsf3x.o)
 .bss           0x00000000        0x0 c:/program files (x86)/atmel/studio/7.0/toolchain/avr8/avr8-gnu-toolchain/bin/../lib/gcc/avr/4.9.2/../../../../avr/lib/avr5\libm.a(divsf3x.o)
 .text          0x00000000        0x0 c:/program files (x86)/atmel/studio/7.0/toolchain/avr8/avr8-gnu-toolchain/bin/../lib/gcc/avr/4.9.2/../../../../avr/lib/avr5\libm.a(fixunssfsi.o)
 .data          0x00000000        0x0 c:/program files (x86)/atmel/studio/7.0/toolchain/avr8/avr8-gnu-toolchain/bin/../lib/gcc/avr/4.9.2/../../../../avr/lib/avr5\libm.a(fixunssfsi.o)
 .bss           0x00000000        0x0 c:/program files (x86)/atmel/studio/7.0/toolchain/avr8/avr8-gnu-toolchain/bin/../lib/gcc/avr/4.9.2/../../../../avr/lib/avr5\libm.a(fixunssfsi.o)
 .text          0x00000000        0x0 c:/program files (x86)/atmel/studio/7.0/toolchain/avr8/avr8-gnu-toolchain/bin/../lib/gcc/avr/4.9.2/../../../../avr/lib/avr5\libm.a(floatsisf.o)
 .data          0x00000000        0x0 c:/program files (x86)/atmel/studio/7.0/toolchain/avr8/avr8-gnu-toolchain/bin/../lib/gcc/avr/4.9.2/../../../../avr/lib/avr5\libm.a(floatsisf.o)
 .bss           0x00000000        0x0 c:/program files (x86)/atmel/studio/7.0/toolchain/avr8/avr8-gnu-toolchain/bin/../lib/gcc/avr/4.9.2/../../../../avr/lib/avr5\libm.a(floatsisf.o)
 .text          0x00000000        0x0 c:/program files (x86)/atmel/studio/7.0/toolchain/avr8/avr8-gnu-toolchain/bin/../lib/gcc/avr/4.9.2/../../../../avr/lib/avr5\libm.a(fp_inf.o)
 .data          0x00000000        0x0 c:/program files (x86)/atmel/studio/7.0/toolchain/avr8/avr8-gnu-toolchain/bin/../lib/gcc/avr/4.9.2/../../../../avr/lib/avr5\libm.a(fp_inf.o)
 .bss           0x00000000        0x0 c:/program files (x86)/atmel/studio/7.0/toolchain/avr8/avr8-gnu-toolchain/bin/../lib/gcc/avr/4.9.2/../../../../avr/lib/avr5\libm.a(fp_inf.o)
 .text          0x00000000        0x0 c:/program files (x86)/atmel/studio/7.0/toolchain/avr8/avr8-gnu-toolchain/bin/../lib/gcc/avr/4.9.2/../../../../avr/lib/avr5\libm.a(fp_nan.o)
 .data          0x00000000        0x0 c:/program files (x86)/atmel/studio/7.0/toolchain/avr8/avr8-gnu-toolchain/bin/../lib/gcc/avr/4.9.2/../../../../avr/lib/avr5\libm.a(fp_nan.o)
 .bss           0x00000000        0x0 c:/program files (x86)/atmel/studio/7.0/toolchain/avr8/avr8-gnu-toolchain/bin/../lib/gcc/avr/4.9.2/../../../../avr/lib/avr5\libm.a(fp_nan.o)
 .text          0x00000000        0x0 c:/program files (x86)/atmel/studio/7.0/toolchain/avr8/avr8-gnu-toolchain/bin/../lib/gcc/avr/4.9.2/../../../../avr/lib/avr5\libm.a(fp_pscA.o)
 .data          0x00000000        0x0 c:/program files (x86)/atmel/studio/7.0/toolchain/avr8/avr8-gnu-toolchain/bin/../lib/gcc/avr/4.9.2/../../../../avr/lib/avr5\libm.a(fp_pscA.o)
 .bss           0x00000000        0x0 c:/program files (x86)/atmel/studio/7.0/toolchain/avr8/avr8-gnu-toolchain/bin/../lib/gcc/avr/4.9.2/../../../../avr/lib/avr5\libm.a(fp_pscA.o)
 .text          0x00000000        0x0 c:/program files (x86)/atmel/studio/7.0/toolchain/avr8/avr8-gnu-toolchain/bin/../lib/gcc/avr/4.9.2/../../../../avr/lib/avr5\libm.a(fp_pscB.o)
 .data          0x00000000        0x0 c:/program files (x86)/atmel/studio/7.0/toolchain/avr8/avr8-gnu-toolchain/bin/../lib/gcc/avr/4.9.2/../../../../avr/lib/avr5\libm.a(fp_pscB.o)
 .bss           0x00000000        0x0 c:/program files (x86)/atmel/studio/7.0/toolchain/avr8/avr8-gnu-toolchain/bin/../lib/gcc/avr/4.9.2/../../../../avr/lib/avr5\libm.a(fp_pscB.o)
 .text          0x00000000        0x0 c:/program files (x86)/atmel/studio/7.0/toolchain/avr8/avr8-gnu-toolchain/bin/../lib/gcc/avr/4.9.2/../../../../avr/lib/avr5\libm.a(fp_round.o)
 .data          0x00000000        0x0 c:/program files (x86)/atmel/studio/7.0/toolchain/avr8/avr8-gnu-toolchain/bin/../lib/gcc/avr/4.9.2/../../../../avr/lib/avr5\libm.a(fp_round.o)
 .bss           0x00000000        0x0 c:/program files (x86)/atmel/studio/7.0/toolchain/avr8/avr8-gnu-toolchain/bin/../lib/gcc/avr/4.9.2/../../../../avr/lib/avr5\libm.a(fp_round.o)
 .text          0x00000000        0x0 c:/program files (x86)/atmel/studio/7.0/toolchain/avr8/avr8-gnu-toolchain/bin/../lib/gcc/avr/4.9.2/../../../../avr/lib/avr5\libm.a(fp_split3.o)
 .data          0x00000000        0x0 c:/program files (x86)/atmel/studio/7.0/toolchain/avr8/avr8-gnu-toolchain/bin/../lib/gcc/avr/4.9.2/../../../../avr/lib/avr5\libm.a(fp_split3.o)
 .bss           0x00000000        0x0 c:/program files (x86)/atmel/studio/7.0/toolchain/avr8/avr8-gnu-toolchain/bin/../lib/gcc/avr/4.9.2/../../../../avr/lib/avr5\libm.a(fp_split3.o)
 .text          0x00000000        0x0 c:/program files (x86)/atmel/studio/7.0/toolchain/avr8/avr8-gnu-toolchain/bin/../lib/gcc/avr/4.9.2/../../../../avr/lib/avr5\libm.a(fp_zero.o)
 .data          0x00000000        0x0 c:/program files (x86)/atmel/studio/7.0/toolchain/avr8/avr8-gnu-toolchain/bin/../lib/gcc/avr/4.9.2/../../../../avr/lib/avr5\libm.a(fp_zero.o)
 .bss           0x00000000        0x0 c:/program files (x86)/atmel/studio/7.0/toolchain/avr8/avr8-gnu-toolchain/bin/../lib/gcc/avr/4.9.2/../../../../avr/lib/avr5\libm.a(fp_zero.o)
 .text          0x00000000        0x0 c:/program files (x86)/atmel/studio/7.0/toolchain/avr8/avr8-gnu-toolchain/bin/../lib/gcc/avr/4.9.2/../../../../avr/lib/avr5\libc.a(memset.o)
 .data          0x00000000        0x0 c:/program files (x86)/atmel/studio/7.0/toolchain/avr8/avr8-gnu-toolchain/bin/../lib/gcc/avr/4.9.2/../../../../avr/lib/avr5\libc.a(memset.o)
 .bss           0x00000000        0x0 c:/program files (x86)/atmel/studio/7.0/toolchain/avr8/avr8-gnu-toolchain/bin/../lib/gcc/avr/4.9.2/../../../../avr/lib/avr5\libc.a(memset.o)
 .text          0x00000000        0x0 c:/program files (x86)/atmel/studio/7.0/toolchain/avr8/avr8-gnu-toolchain/bin/../lib/gcc/avr/4.9.2/../../../../avr/lib/avr5\libc.a(strcpy.o)
 .data          0x00000000        0x0 c:/program files (x86)/atmel/studio/7.0/toolchain/avr8/avr8-gnu-toolchain/bin/../lib/gcc/avr/4.9.2/../../../../avr/lib/avr5\libc.a(strcpy.o)
 .bss           0x00000000        0x0 c:/program files (x86)/atmel/studio/7.0/toolchain/avr8/avr8-gnu-toolchain/bin/../lib/gcc/avr/4.9.2/../../../../avr/lib/avr5\libc.a(strcpy.o)
 .text          0x00000000        0x0 c:/program files (x86)/atmel/studio/7.0/toolchain/avr8/avr8-gnu-toolchain/bin/../lib/gcc/avr/4.9.2/../../../../avr/lib/avr5\libc.a(strstr.o)
 .data          0x00000000        0x0 c:/program files (x86)/atmel/studio/7.0/toolchain/avr8/avr8-gnu-toolchain/bin/../lib/gcc/avr/4.9.2/../../../../avr/lib/avr5\libc.a(strstr.o)
 .bss           0x00000000        0x0 c:/program files (x86)/atmel/studio/7.0/toolchain/avr8/avr8-gnu-toolchain/bin/../lib/gcc/avr/4.9.2/../../../../avr/lib/avr5\libc.a(strstr.o)
 .text          0x00000000        0x0 c:/program files (x86)/atmel/studio/7.0/toolchain/avr8/avr8-gnu-toolchain/bin/../lib/gcc/avr/4.9.2/../../../../avr/lib/avr5\libc.a(sprintf.o)
 .data          0x00000000        0x0 c:/program files (x86)/atmel/studio/7.0/toolchain/avr8/avr8-gnu-toolchain/bin/../lib/gcc/avr/4.9.2/../../../../avr/lib/avr5\libc.a(sprintf.o)
 .bss           0x00000000        0x0 c:/program files (x86)/atmel/studio/7.0/toolchain/avr8/avr8-gnu-toolchain/bin/../lib/gcc/avr/4.9.2/../../../../avr/lib/avr5\libc.a(sprintf.o)
 .text          0x00000000        0x0 c:/program files (x86)/atmel/studio/7.0/toolchain/avr8/avr8-gnu-toolchain/bin/../lib/gcc/avr/4.9.2/../../../../avr/lib/avr5\libc.a(vfprintf_std.o)
 .data          0x00000000        0x0 c:/program files (x86)/atmel/studio/7.0/toolchain/avr8/avr8-gnu-toolchain/bin/../lib/gcc/avr/4.9.2/../../../../avr/lib/avr5\libc.a(vfprintf_std.o)
 .bss           0x00000000        0x0 c:/program files (x86)/atmel/studio/7.0/toolchain/avr8/avr8-gnu-toolchain/bin/../lib/gcc/avr/4.9.2/../../../../avr/lib/avr5\libc.a(vfprintf_std.o)
 .text          0x00000000        0x0 c:/program files (x86)/atmel/studio/7.0/toolchain/avr8/avr8-gnu-toolchain/bin/../lib/gcc/avr/4.9.2/../../../../avr/lib/avr5\libc.a(strnlen_P.o)
 .data          0x00000000        0x0 c:/program files (x86)/atmel/studio/7.0/toolchain/avr8/avr8-gnu-toolchain/bin/../lib/gcc/avr/4.9.2/../../../../avr/lib/avr5\libc.a(strnlen_P.o)
 .bss           0x00000000        0x0 c:/program files (x86)/atmel/studio/7.0/toolchain/avr8/avr8-gnu-toolchain/bin/../lib/gcc/avr/4.9.2/../../../../avr/lib/avr5\libc.a(strnlen_P.o)
 .text          0x00000000        0x0 c:/program files (x86)/atmel/studio/7.0/toolchain/avr8/avr8-gnu-toolchain/bin/../lib/gcc/avr/4.9.2/../../../../avr/lib/avr5\libc.a(strnlen.o)
 .data          0x00000000        0x0 c:/program files (x86)/atmel/studio/7.0/toolchain/avr8/avr8-gnu-toolchain/bin/../lib/gcc/avr/4.9.2/../../../../avr/lib/avr5\libc.a(strnlen.o)
 .bss           0x00000000        0x0 c:/program files (x86)/atmel/studio/7.0/toolchain/avr8/avr8-gnu-toolchain/bin/../lib/gcc/avr/4.9.2/../../../../avr/lib/avr5\libc.a(strnlen.o)
 .text          0x00000000        0x0 c:/program files (x86)/atmel/studio/7.0/toolchain/avr8/avr8-gnu-toolchain/bin/../lib/gcc/avr/4.9.2/../../../../avr/lib/avr5\libc.a(fputc.o)
 .data          0x00000000        0x0 c:/program files (x86)/atmel/studio/7.0/toolchain/avr8/avr8-gnu-toolchain/bin/../lib/gcc/avr/4.9.2/../../../../avr/lib/avr5\libc.a(fputc.o)
 .bss           0x00000000        0x0 c:/program files (x86)/atmel/studio/7.0/toolchain/avr8/avr8-gnu-toolchain/bin/../lib/gcc/avr/4.9.2/../../../../avr/lib/avr5\libc.a(fputc.o)
 .text          0x00000000        0x0 c:/program files (x86)/atmel/studio/7.0/toolchain/avr8/avr8-gnu-toolchain/bin/../lib/gcc/avr/4.9.2/../../../../avr/lib/avr5\libc.a(ultoa_invert.o)
 .data          0x00000000        0x0 c:/program files (x86)/atmel/studio/7.0/toolchain/avr8/avr8-gnu-toolchain/bin/../lib/gcc/avr/4.9.2/../../../../avr/lib/avr5\libc.a(ultoa_invert.o)
 .bss           0x00000000        0x0 c:/program files (x86)/atmel/studio/7.0/toolchain/avr8/avr8-gnu-toolchain/bin/../lib/gcc/avr/4.9.2/../../../../avr/lib/avr5\libc.a(ultoa_invert.o)
 .text          0x00000000        0x0 c:/program files (x86)/atmel/studio/7.0/toolchain/avr8/avr8-gnu-toolchain/bin/../lib/gcc/avr/4.9.2/avr5\libgcc.a(_prologue.o)
 .data          0x00000000        0x0 c:/program files (x86)/atmel/studio/7.0/toolchain/avr8/avr8-gnu-toolchain/bin/../lib/gcc/avr/4.9.2/avr5\libgcc.a(_prologue.o)
 .bss           0x00000000        0x0 c:/program files (x86)/atmel/studio/7.0/toolchain/avr8/avr8-gnu-toolchain/bin/../lib/gcc/avr/4.9.2/avr5\libgcc.a(_prologue.o)
 .text.libgcc.mul
                0x00000000        0x0 c:/program files (x86)/atmel/studio/7.0/toolchain/avr8/avr8-gnu-toolchain/bin/../lib/gcc/avr/4.9.2/avr5\libgcc.a(_prologue.o)
 .text.libgcc.div
                0x00000000        0x0 c:/program files (x86)/atmel/studio/7.0/toolchain/avr8/avr8-gnu-toolchain/bin/../lib/gcc/avr/4.9.2/avr5\libgcc.a(_prologue.o)
 .text.libgcc   0x00000000        0x0 c:/program files (x86)/atmel/studio/7.0/toolchain/avr8/avr8-gnu-toolchain/bin/../lib/gcc/avr/4.9.2/avr5\libgcc.a(_prologue.o)
 .text.libgcc.builtins
                0x00000000        0x0 c:/program files (x86)/atmel/studio/7.0/toolchain/avr8/avr8-gnu-toolchain/bin/../lib/gcc/avr/4.9.2/avr5\libgcc.a(_prologue.o)
 .text.libgcc.fmul
                0x00000000        0x0 c:/program files (x86)/atmel/studio/7.0/toolchain/avr8/avr8-gnu-toolchain/bin/../lib/gcc/avr/4.9.2/avr5\libgcc.a(_prologue.o)
 .text.libgcc.fixed
                0x00000000        0x0 c:/program files (x86)/atmel/studio/7.0/toolchain/avr8/avr8-gnu-toolchain/bin/../lib/gcc/avr/4.9.2/avr5\libgcc.a(_prologue.o)
 .text          0x00000000        0x0 c:/program files (x86)/atmel/studio/7.0/toolchain/avr8/avr8-gnu-toolchain/bin/../lib/gcc/avr/4.9.2/avr5\libgcc.a(_epilogue.o)
 .data          0x00000000        0x0 c:/program files (x86)/atmel/studio/7.0/toolchain/avr8/avr8-gnu-toolchain/bin/../lib/gcc/avr/4.9.2/avr5\libgcc.a(_epilogue.o)
 .bss           0x00000000        0x0 c:/program files (x86)/atmel/studio/7.0/toolchain/avr8/avr8-gnu-toolchain/bin/../lib/gcc/avr/4.9.2/avr5\libgcc.a(_epilogue.o)
 .text.libgcc.mul
                0x00000000        0x0 c:/program files (x86)/atmel/studio/7.0/toolchain/avr8/avr8-gnu-toolchain/bin/../lib/gcc/avr/4.9.2/avr5\libgcc.a(_epilogue.o)
 .text.libgcc.div
                0x00000000        0x0 c:/program files (x86)/atmel/studio/7.0/toolchain/avr8/avr8-gnu-toolchain/bin/../lib/gcc/avr/4.9.2/avr5\libgcc.a(_epilogue.o)
 .text.libgcc   0x00000000        0x0 c:/program files (x86)/atmel/studio/7.0/toolchain/avr8/avr8-gnu-toolchain/bin/../lib/gcc/avr/4.9.2/avr5\libgcc.a(_epilogue.o)
 .text.libgcc.builtins
                0x00000000        0x0 c:/program files (x86)/atmel/studio/7.0/toolchain/avr8/avr8-gnu-toolchain/bin/../lib/gcc/avr/4.9.2/avr5\libgcc.a(_epilogue.o)
 .text.libgcc.fmul
                0x00000000        0x0 c:/program files (x86)/atmel/studio/7.0/toolchain/avr8/avr8-gnu-toolchain/bin/../lib/gcc/avr/4.9.2/avr5\libgcc.a(_epilogue.o)
 .text.libgcc.fixed
                0x00000000        0x0 c:/program files (x86)/atmel/studio/7.0/toolchain/avr8/avr8-gnu-toolchain/bin/../lib/gcc/avr/4.9.2/avr5\libgcc.a(_epilogue.o)

Memory Configuration

Name             Origin             Length             Attributes
text             0x00000000         0x00020000         xr
data             0x00800060         0x0000ffa0         rw !x
eeprom           0x00810000         0x00010000         rw !x
fuse             0x00820000         0x00000400         rw !x
lock             0x00830000         0x00000400         rw !x
signature        0x00840000         0x00000400         rw !x
user_signatures  0x00850000         0x00000400         rw !x
*default*        0x00000000         0xffffffff

Linker script and memory map

Address of section .data set to 0x800100
LOAD C:/Program Files (x86)/Atmel/Studio/7.0/Packs/atmel/ATmega_DFP/1.0.98/gcc/dev/atmega64/avr5/crtatmega64.o
LOAD ADC/ADCLIB.o
LOAD DHT/DHT.o
LOAD GPRS/GPRS.o
LOAD I2C/I2C.o
LOAD LOGGER/LOGGER.o
LOAD main.o
LOAD PIC/PIC.o
LOAD PIN/PIN.o
LOAD RTC/RTC.o
LOAD SD/ff.o
LOAD SD/mmc_bb.o
LOAD SD/SDMacro.o
LOAD TIMER/TIMER.o
LOAD TIMER/TIMER2.o
LOAD USART/USART.o
LOAD WIFI/WIFI.o
START GROUP
END GROUP
LOAD c:/program files (x86)/atmel/studio/7.0/toolchain/avr8/avr8-gnu-toolchain/bin/../lib/gcc/avr/4.9.2/avr5\libgcc.a
LOAD c:/program files (x86)/atmel/studio/7.0/toolchain/avr8/avr8-gnu-toolchain/bin/../lib/gcc/avr/4.9.2/../../../../avr/lib/avr5\libm.a
START GROUP
LOAD c:/program files (x86)/atmel/studio/7.0/toolchain/avr8/avr8-gnu-toolchain/bin/../lib/gcc/avr/4.9.2/avr5\libgcc.a
LOAD c:/program files (x86)/atmel/studio/7.0/toolchain/avr8/avr8-gnu-toolchain/bin/../lib/gcc/avr/4.9.2/../../../../avr/lib/avr5\libm.a
LOAD c:/program files (x86)/atmel/studio/7.0/toolchain/avr8/avr8-gnu-toolchain/bin/../lib/gcc/avr/4.9.2/../../../../avr/lib/avr5\libc.a
LOAD C:/Program Files (x86)/Atmel/Studio/7.0/Packs/atmel/ATmega_DFP/1.0.98/gcc/dev/atmega64/avr5\libatmega64.a
END GROUP

.hash
 *(.hash)

.dynsym
 *(.dynsym)

.dynstr
 *(.dynstr)

.gnu.version
 *(.gnu.version)

.gnu.version_d
 *(.gnu.version_d)

.gnu.version_r
 *(.gnu.version_r)

.rel.init
 *(.rel.init)

.rela.init
 *(.rela.init)

.rel.text
 *(.rel.text)
 *(.rel.text.*)
 *(.rel.gnu.linkonce.t*)

.rela.text
 *(.rela.text)
 *(.rela.text.*)
 *(.rela.gnu.linkonce.t*)

.rel.fini
 *(.rel.fini)

.rela.fini
 *(.rela.fini)

.rel.rodata
 *(.rel.rodata)
 *(.rel.rodata.*)
 *(.rel.gnu.linkonce.r*)

.rela.rodata
 *(.rela.rodata)
 *(.rela.rodata.*)
 *(.rela.gnu.linkonce.r*)

.rel.data
 *(.rel.data)
 *(.rel.data.*)
 *(.rel.gnu.linkonce.d*)

.rela.data
 *(.rela.data)
 *(.rela.data.*)
 *(.rela.gnu.linkonce.d*)

.rel.ctors
 *(.rel.ctors)

.rela.ctors
 *(.rela.ctors)

.rel.dtors
 *(.rel.dtors)

.rela.dtors
 *(.rela.dtors)

.rel.got
 *(.rel.got)

.rela.got
 *(.rela.got)

.rel.bss
 *(.rel.bss)

.rela.bss
 *(.rela.bss)

.rel.plt
 *(.rel.plt)

.rela.plt
 *(.rela.plt)

.text           0x00000000     0x54ec
 *(.vectors)
 .vectors       0x00000000       0x8c C:/Program Files (x86)/Atmel/Studio/7.0/Packs/atmel/ATmega_DFP/1.0.98/gcc/dev/atmega64/avr5/crtatmega64.o
                0x00000000                __vectors
 *(.vectors)
 *(.progmem.gcc*)
                0x0000008c                . = ALIGN (0x2)
                0x0000008c                __trampolines_start = .
 *(.trampolines)
 .trampolines   0x0000008c        0x0 linker stubs
 *(.trampolines*)
                0x0000008c                __trampolines_end = .
 *(.progmem*)
                0x0000008c                . = ALIGN (0x2)
 *(.jumptables)
 *(.jumptables*)
 *(.lowtext)
 *(.lowtext*)
                0x0000008c                __ctors_start = .
 *(.ctors)
 .ctors         0x0000008c        0x2 main.o
                0x0000008e                __ctors_end = .
                0x0000008e                __dtors_start = .
 *(.dtors)
 .dtors         0x0000008e        0x2 main.o
                0x00000090                __dtors_end = .
 SORT(*)(.ctors)
 SORT(*)(.dtors)
 *(.init0)
 .init0         0x00000090        0x0 C:/Program Files (x86)/Atmel/Studio/7.0/Packs/atmel/ATmega_DFP/1.0.98/gcc/dev/atmega64/avr5/crtatmega64.o
                0x00000090                __init
 *(.init0)
 *(.init1)
 *(.init1)
 *(.init2)
 .init2         0x00000090        0xc C:/Program Files (x86)/Atmel/Studio/7.0/Packs/atmel/ATmega_DFP/1.0.98/gcc/dev/atmega64/avr5/crtatmega64.o
 *(.init2)
 *(.init3)
 *(.init3)
 *(.init4)
 .init4         0x0000009c       0x16 c:/program files (x86)/atmel/studio/7.0/toolchain/avr8/avr8-gnu-toolchain/bin/../lib/gcc/avr/4.9.2/avr5\libgcc.a(_copy_data.o)
                0x0000009c                __do_copy_data
 .init4         0x000000b2       0x10 c:/program files (x86)/atmel/studio/7.0/toolchain/avr8/avr8-gnu-toolchain/bin/../lib/gcc/avr/4.9.2/avr5\libgcc.a(_clear_bss.o)
                0x000000b2                __do_clear_bss
 *(.init4)
 *(.init5)
 *(.init5)
 *(.init6)
 .init6         0x000000c2       0x16 c:/program files (x86)/atmel/studio/7.0/toolchain/avr8/avr8-gnu-toolchain/bin/../lib/gcc/avr/4.9.2/avr5\libgcc.a(_ctors.o)
                0x000000c2                __do_global_ctors
 *(.init6)
 *(.init7)
 *(.init7)
 *(.init8)
 *(.init8)
 *(.init9)
 .init9         0x000000d8        0x8 C:/Program Files (x86)/Atmel/Studio/7.0/Packs/atmel/ATmega_DFP/1.0.98/gcc/dev/atmega64/avr5/crtatmega64.o
 *(.init9)
 *(.text)
 .text          0x000000e0        0x4 C:/Program Files (x86)/Atmel/Studio/7.0/Packs/atmel/ATmega_DFP/1.0.98/gcc/dev/atmega64/avr5/crtatmega64.o
                0x000000e0                __vector_22
                0x000000e0                __vector_28
                0x000000e0                __vector_1
                0x000000e0                __vector_32
                0x000000e0                __vector_34
                0x000000e0                __vector_24
                0x000000e0                __bad_interrupt
                0x000000e0                __vector_6
                0x000000e0                __vector_31
                0x000000e0                __vector_3
                0x000000e0                __vector_23
                0x000000e0                __vector_30
                0x000000e0                __vector_25
                0x000000e0                __vector_13
                0x000000e0                __vector_17
                0x000000e0                __vector_19
                0x000000e0                __vector_7
                0x000000e0                __vector_27
                0x000000e0                __vector_5
                0x000000e0                __vector_33
                0x000000e0                __vector_4
                0x000000e0                __vector_9
                0x000000e0                __vector_2
                0x000000e0                __vector_21
                0x000000e0                __vector_15
                0x000000e0                __vector_29
                0x000000e0                __vector_8
                0x000000e0                __vector_26
                0x000000e0                __vector_14
                0x000000e0                __vector_10
                0x000000e0                __vector_16
                0x000000e0                __vector_20
                0x000000e4                . = ALIGN (0x2)
 *(.text.*)
 .text._ZN6ADCLIBC2Ev
                0x000000e4        0x2 ADC/ADCLIB.o
                0x000000e4                _ZN6ADCLIBC2Ev
                0x000000e4                _ZN6ADCLIBC1Ev
 .text._ZN6ADCLIB10InitializeEv
                0x000000e6       0x1e ADC/ADCLIB.o
                0x000000e6                _ZN6ADCLIB10InitializeEv
 .text._ZN6ADCLIB10choose_ADCEh
                0x00000104       0x12 ADC/ADCLIB.o
                0x00000104                _ZN6ADCLIB10choose_ADCEh
 .text._ZN6ADCLIB16read_mux_sensorsEi
                0x00000116       0x54 ADC/ADCLIB.o
                0x00000116                _ZN6ADCLIB16read_mux_sensorsEi
 .text._ZN6ADCLIB10read_sharpEii
                0x0000016a       0x80 ADC/ADCLIB.o
                0x0000016a                _ZN6ADCLIB10read_sharpEii
 .text._ZN6ADCLIB8read_tgsEi
                0x000001ea       0x46 ADC/ADCLIB.o
                0x000001ea                _ZN6ADCLIB8read_tgsEi
 .text._ZN3DHTC2Ev
                0x00000230        0x8 DHT/DHT.o
                0x00000230                _ZN3DHTC1Ev
                0x00000230                _ZN3DHTC2Ev
 .text._ZN3DHT11startSignalEiPjS0_
                0x00000238      0x20a DHT/DHT.o
                0x00000238                _ZN3DHT11startSignalEiPjS0_
 .text._ZN3DHT25returnTemperatureHumidityEiPjS0_
                0x00000442        0x6 DHT/DHT.o
                0x00000442                _ZN3DHT25returnTemperatureHumidityEiPjS0_
 .text._ZN3I2CC2Ev
                0x00000448        0x2 I2C/I2C.o
                0x00000448                _ZN3I2CC2Ev
                0x00000448                _ZN3I2CC1Ev
 .text._ZN3I2C10InitializeEv
                0x0000044a        0xc I2C/I2C.o
                0x0000044a                _ZN3I2C10InitializeEv
 .text._ZN3I2C5StartEv
                0x00000456       0x26 I2C/I2C.o
                0x00000456                _ZN3I2C5StartEv
 .text._ZN3I2C6RStartEv
                0x0000047c       0x26 I2C/I2C.o
                0x0000047c                _ZN3I2C6RStartEv
 .text._ZN3I2C4SLATEh
                0x000004a2       0x2a I2C/I2C.o
                0x000004a2                _ZN3I2C4SLATEh
 .text._ZN3I2C4SLAREh
                0x000004cc       0x2a I2C/I2C.o
                0x000004cc                _ZN3I2C4SLAREh
 .text._ZN3I2C5WriteEh
                0x000004f6       0x2a I2C/I2C.o
                0x000004f6                _ZN3I2C5WriteEh
 .text._ZN3I2C9Read_NAckEv
                0x00000520       0x26 I2C/I2C.o
                0x00000520                _ZN3I2C9Read_NAckEv
 .text._ZN3I2C4StopEv
                0x00000546        0x8 I2C/I2C.o
                0x00000546                _ZN3I2C4StopEv
 .text._ZN6LOGGERC2Ev
                0x0000054e       0x1e LOGGER/LOGGER.o
                0x0000054e                _ZN6LOGGERC1Ev
                0x0000054e                _ZN6LOGGERC2Ev
 .text._ZN6LOGGERD2Ev
                0x0000056c        0x2 LOGGER/LOGGER.o
                0x0000056c                _ZN6LOGGERD2Ev
                0x0000056c                _ZN6LOGGERD1Ev
 .text._ZN6LOGGER8readTimeEP3RTCP3I2C
                0x0000056e      0x1d0 LOGGER/LOGGER.o
                0x0000056e                _ZN6LOGGER8readTimeEP3RTCP3I2C
 .text._ZN6LOGGER6logDHTEP3DHTh
                0x0000073e       0x84 LOGGER/LOGGER.o
                0x0000073e                _ZN6LOGGER6logDHTEP3DHTh
 .text._ZN6LOGGER6logMUXEP6ADCLIB
                0x000007c2       0x98 LOGGER/LOGGER.o
                0x000007c2                _ZN6LOGGER6logMUXEP6ADCLIB
 .text._ZN6LOGGER6logADCEP6ADCLIBhh
                0x0000085a       0x80 LOGGER/LOGGER.o
                0x0000085a                _ZN6LOGGER6logADCEP6ADCLIBhh
 .text._ZN6LOGGER6logTGSEP6ADCLIBh
                0x000008da       0x76 LOGGER/LOGGER.o
                0x000008da                _ZN6LOGGER6logTGSEP6ADCLIBh
 .text._ZN6LOGGER9logSINYEIEP5USARTmm
                0x00000950       0x78 LOGGER/LOGGER.o
                0x00000950                _ZN6LOGGER9logSINYEIEP5USARTmm
 .text._ZN6LOGGER10send_to_SDEP5USARTP7SDMacroP3FILPc
                0x000009c8       0x5c LOGGER/LOGGER.o
                0x000009c8                _ZN6LOGGER10send_to_SDEP5USARTP7SDMacroP3FILPc
 .text._ZN6LOGGER12send_to_WIFIEP4WIFIP5USARTPci
                0x00000a24       0x40 LOGGER/LOGGER.o
                0x00000a24                _ZN6LOGGER12send_to_WIFIEP4WIFIP5USARTPci
 .text._ZN6LOGGER11resetBUFFEREv
                0x00000a64       0x18 LOGGER/LOGGER.o
                0x00000a64                _ZN6LOGGER11resetBUFFEREv
 .text._ZN6LOGGER7preSENDEP5USART
                0x00000a7c       0x8c LOGGER/LOGGER.o
                0x00000a7c                _ZN6LOGGER7preSENDEP5USART
 .text._ZN6LOGGER6logALLEP5USARTP3RTCP3I2CP3DHTP6ADCLIB
                0x00000b08       0x92 LOGGER/LOGGER.o
                0x00000b08                _ZN6LOGGER6logALLEP5USARTP3RTCP3I2CP3DHTP6ADCLIB
 .text._Z18setupPotentiometerv
                0x00000b9a      0x106 main.o
                0x00000b9a                _Z18setupPotentiometerv
 .text._Z14getCredentials3FIL
                0x00000ca0       0xd2 main.o
                0x00000ca0                _Z14getCredentials3FIL
 .text._Z9setupWIFIv
                0x00000d72       0x8a main.o
                0x00000d72                _Z9setupWIFIv
 .text._Z6loggerv
                0x00000dfc       0x72 main.o
                0x00000dfc                _Z6loggerv
 .text._Z5setupv
                0x00000e6e       0xee main.o
                0x00000e6e                _Z5setupv
 .text.__vector_default
                0x00000f5c       0x1e main.o
                0x00000f5c                __vector_default
 .text.main     0x00000f7a       0xc2 main.o
                0x00000f7a                main
 .text._GLOBAL__sub_I_fADC
                0x0000103c       0x72 main.o
 .text._GLOBAL__sub_D_fADC
                0x000010ae       0x12 main.o
 .text._ZN3PICC2Ev
                0x000010c0        0x2 PIC/PIC.o
                0x000010c0                _ZN3PICC1Ev
                0x000010c0                _ZN3PICC2Ev
 .text._ZN3PIC3SetEP3I2Chhh
                0x000010c2       0x44 PIC/PIC.o
                0x000010c2                _ZN3PIC3SetEP3I2Chhh
 .text._Z9pin_setupv
                0x00001106       0x28 PIN/PIN.o
                0x00001106                _Z9pin_setupv
 .text._ZN3RTCC2Ev
                0x0000112e        0x2 RTC/RTC.o
                0x0000112e                _ZN3RTCC2Ev
                0x0000112e                _ZN3RTCC1Ev
 .text._ZN3RTC4ReadEP3I2Ch
                0x00001130       0x46 RTC/RTC.o
                0x00001130                _ZN3RTC4ReadEP3I2Ch
 .text.mem_cpy  0x00001176       0x58 SD/ff.o
 .text.mem_set  0x000011ce       0x16 SD/ff.o
 .text.ld_clust
                0x000011e4       0x32 SD/ff.o
 .text.get_ldnumber
                0x00001216       0x76 SD/ff.o
 .text.sync_window
                0x0000128c       0xd6 SD/ff.o
 .text.move_window
                0x00001362       0x7c SD/ff.o
 .text.check_fs
                0x000013de       0x76 SD/ff.o
 .text.validate
                0x00001454       0x4a SD/ff.o
 .text.find_volume
                0x0000149e      0x5f0 SD/ff.o
 .text.sync_fs  0x00001a8e       0xe0 SD/ff.o
 .text.clust2sect
                0x00001b6e       0x5c SD/ff.o
                0x00001b6e                clust2sect
 .text.get_fat  0x00001bca      0x1ce SD/ff.o
                0x00001bca                get_fat
 .text.dir_sdi  0x00001d98      0x17a SD/ff.o
 .text.put_fat  0x00001f12      0x24c SD/ff.o
                0x00001f12                put_fat
 .text.create_chain
                0x0000215e      0x226 SD/ff.o
 .text.dir_next
                0x00002384      0x27c SD/ff.o
 .text.follow_path
                0x00002600      0x38c SD/ff.o
 .text.dir_alloc
                0x0000298c       0x80 SD/ff.o
 .text.dir_register
                0x00002a0c       0x72 SD/ff.o
 .text.remove_chain
                0x00002a7e       0xf2 SD/ff.o
 .text.f_mount  0x00002b70       0xa6 SD/ff.o
                0x00002b70                f_mount
 .text.f_open   0x00002c16      0x242 SD/ff.o
                0x00002c16                f_open
 .text.f_read   0x00002e58      0x278 SD/ff.o
                0x00002e58                f_read
 .text.f_write  0x000030d0      0x33a SD/ff.o
                0x000030d0                f_write
 .text.f_sync   0x0000340a       0x82 SD/ff.o
                0x0000340a                f_sync
 .text.f_close  0x0000348c       0x22 SD/ff.o
                0x0000348c                f_close
 .text.f_lseek  0x000034ae      0x36e SD/ff.o
                0x000034ae                f_lseek
 .text.f_gets   0x0000381c       0xac SD/ff.o
                0x0000381c                f_gets
 .text.dly_us   0x000038c8       0x10 SD/mmc_bb.o
 .text.xmit_mmc
                0x000038d8       0x80 SD/mmc_bb.o
 .text.rcvr_mmc
                0x00003958       0x64 SD/mmc_bb.o
 .text.wait_ready
                0x000039bc       0x4a SD/mmc_bb.o
 .text.deselect
                0x00003a06       0x20 SD/mmc_bb.o
 .text.select   0x00003a26       0x3e SD/mmc_bb.o
 .text.rcvr_datablock
                0x00003a64       0x78 SD/mmc_bb.o
 .text.xmit_datablock
                0x00003adc       0x78 SD/mmc_bb.o
 .text.send_cmd
                0x00003b54      0x108 SD/mmc_bb.o
 .text.disk_status
                0x00003c5c       0x4c SD/mmc_bb.o
                0x00003c5c                disk_status
 .text.disk_initialize
                0x00003ca8      0x194 SD/mmc_bb.o
                0x00003ca8                disk_initialize
 .text.disk_read
                0x00003e3c       0xb8 SD/mmc_bb.o
                0x00003e3c                disk_read
 .text.disk_write
                0x00003ef4       0xd6 SD/mmc_bb.o
                0x00003ef4                disk_write
 .text.disk_ioctl
                0x00003fca      0x16e SD/mmc_bb.o
                0x00003fca                disk_ioctl
 .text._ZN7SDMacroC2Ev
                0x00004138        0x2 SD/SDMacro.o
                0x00004138                _ZN7SDMacroC2Ev
                0x00004138                _ZN7SDMacroC1Ev
 .text._ZN7SDMacroD2Ev
                0x0000413a        0x2 SD/SDMacro.o
                0x0000413a                _ZN7SDMacroD1Ev
                0x0000413a                _ZN7SDMacroD2Ev
 .text._ZN7SDMacro9CheckFileE3FILPc
                0x0000413c       0x52 SD/SDMacro.o
                0x0000413c                _ZN7SDMacro9CheckFileE3FILPc
 .text._ZN7SDMacro8SendDataEP3FILPcS2_
                0x0000418e       0x68 SD/SDMacro.o
                0x0000418e                _ZN7SDMacro8SendDataEP3FILPcS2_
 .text._ZN5TIMERC2Ev
                0x000041f6        0x2 TIMER/TIMER.o
                0x000041f6                _ZN5TIMERC2Ev
                0x000041f6                _ZN5TIMERC1Ev
 .text.__vector_12
                0x000041f8       0x4a TIMER/TIMER2.o
                0x000041f8                __vector_12
 .text.__vector_11
                0x00004242       0xe6 TIMER/TIMER2.o
                0x00004242                __vector_11
 .text._ZN6TIMER2C2Ev
                0x00004328        0x2 TIMER/TIMER2.o
                0x00004328                _ZN6TIMER2C2Ev
                0x00004328                _ZN6TIMER2C1Ev
 .text._ZN6TIMER210get_sampleEv
                0x0000432a       0x22 TIMER/TIMER2.o
                0x0000432a                _ZN6TIMER210get_sampleEv
 .text._ZN6TIMER210initializeEv
                0x0000434c       0x26 TIMER/TIMER2.o
                0x0000434c                _ZN6TIMER210initializeEv
 .text._ZN6TIMER26millisEv
                0x00004372       0x36 TIMER/TIMER2.o
                0x00004372                _ZN6TIMER26millisEv
 .text._ZN5USARTC2Ev
                0x000043a8        0x2 USART/USART.o
                0x000043a8                _ZN5USARTC1Ev
                0x000043a8                _ZN5USARTC2Ev
 .text._ZN5USART11Initialize1Ej
                0x000043aa       0x1a USART/USART.o
                0x000043aa                _ZN5USART11Initialize1Ej
 .text._ZN5USART11Initialize0Ej
                0x000043c4       0x16 USART/USART.o
                0x000043c4                _ZN5USART11Initialize0Ej
 .text._ZN5USART9Transmit1Eh
                0x000043da       0x14 USART/USART.o
                0x000043da                _ZN5USART9Transmit1Eh
 .text._ZN5USART9Transmit0Eh
                0x000043ee        0xc USART/USART.o
                0x000043ee                _ZN5USART9Transmit0Eh
 .text._ZN5USART12sendToUSART1EPc
                0x000043fa       0x2e USART/USART.o
                0x000043fa                _ZN5USART12sendToUSART1EPc
 .text._ZN5USART12sendToUSART0EPc
                0x00004428       0x2e USART/USART.o
                0x00004428                _ZN5USART12sendToUSART0EPc
 .text.__vector_18
                0x00004456       0x64 WIFI/WIFI.o
                0x00004456                __vector_18
 .text._ZN4WIFIC2Ev
                0x000044ba        0x2 WIFI/WIFI.o
                0x000044ba                _ZN4WIFIC2Ev
                0x000044ba                _ZN4WIFIC1Ev
 .text._ZN4WIFI7checkRXEP5USARTPciS2_ii
                0x000044bc      0x114 WIFI/WIFI.o
                0x000044bc                _ZN4WIFI7checkRXEP5USARTPciS2_ii
 .text._ZN4WIFI7connectEP5USART
                0x000045d0       0xc0 WIFI/WIFI.o
                0x000045d0                _ZN4WIFI7connectEP5USART
 .text._ZN4WIFI9setupWifiEP5USARTPcS2_
                0x00004690      0x268 WIFI/WIFI.o
                0x00004690                _ZN4WIFI9setupWifiEP5USARTPcS2_
 .text._ZN4WIFI11POST_singleEP5USARTPcS2_S2_S2_
                0x000048f8      0x14e WIFI/WIFI.o
                0x000048f8                _ZN4WIFI11POST_singleEP5USARTPcS2_S2_S2_
 .text._ZN4WIFI16send_applicationEP5USARTPciS2_i
                0x00004a46      0x1aa WIFI/WIFI.o
                0x00004a46                _ZN4WIFI16send_applicationEP5USARTPciS2_i
 .text.libgcc.div
                0x00004bf0       0x44 c:/program files (x86)/atmel/studio/7.0/toolchain/avr8/avr8-gnu-toolchain/bin/../lib/gcc/avr/4.9.2/avr5\libgcc.a(_udivmodsi4.o)
                0x00004bf0                __udivmodsi4
 .text.libgcc   0x00004c34        0xc c:/program files (x86)/atmel/studio/7.0/toolchain/avr8/avr8-gnu-toolchain/bin/../lib/gcc/avr/4.9.2/avr5\libgcc.a(_tablejump2.o)
                0x00004c34                __tablejump2__
 .text.libgcc.mul
                0x00004c40       0x16 c:/program files (x86)/atmel/studio/7.0/toolchain/avr8/avr8-gnu-toolchain/bin/../lib/gcc/avr/4.9.2/avr5\libgcc.a(_muluhisi3.o)
                0x00004c40                __muluhisi3
 .text.libgcc.mul
                0x00004c56       0x1e c:/program files (x86)/atmel/studio/7.0/toolchain/avr8/avr8-gnu-toolchain/bin/../lib/gcc/avr/4.9.2/avr5\libgcc.a(_umulhisi3.o)
                0x00004c56                __umulhisi3
 .text.avr-libc.fplib
                0x00004c74        0x8 c:/program files (x86)/atmel/studio/7.0/toolchain/avr8/avr8-gnu-toolchain/bin/../lib/gcc/avr/4.9.2/../../../../avr/lib/avr5\libm.a(divsf3.o)
                0x00004c74                __divsf3
 .text.avr-libc.fplib
                0x00004c7c       0xdc c:/program files (x86)/atmel/studio/7.0/toolchain/avr8/avr8-gnu-toolchain/bin/../lib/gcc/avr/4.9.2/../../../../avr/lib/avr5\libm.a(divsf3x.o)
                0x00004c9c                __divsf3x
                0x00004ca2                __divsf3_pse
 .text.avr-libc.fplib
                0x00004d58       0x5e c:/program files (x86)/atmel/studio/7.0/toolchain/avr8/avr8-gnu-toolchain/bin/../lib/gcc/avr/4.9.2/../../../../avr/lib/avr5\libm.a(fixunssfsi.o)
                0x00004d58                __fixunssfsi
 .text.avr-libc.fplib
                0x00004db6       0x7a c:/program files (x86)/atmel/studio/7.0/toolchain/avr8/avr8-gnu-toolchain/bin/../lib/gcc/avr/4.9.2/../../../../avr/lib/avr5\libm.a(floatsisf.o)
                0x00004db6                __floatunsisf
                0x00004dba                __floatsisf
 .text.avr-libc.fplib
                0x00004e30        0xc c:/program files (x86)/atmel/studio/7.0/toolchain/avr8/avr8-gnu-toolchain/bin/../lib/gcc/avr/4.9.2/../../../../avr/lib/avr5\libm.a(fp_inf.o)
                0x00004e30                __fp_inf
 .text.avr-libc.fplib
                0x00004e3c        0x6 c:/program files (x86)/atmel/studio/7.0/toolchain/avr8/avr8-gnu-toolchain/bin/../lib/gcc/avr/4.9.2/../../../../avr/lib/avr5\libm.a(fp_nan.o)
                0x00004e3c                __fp_nan
 .text.avr-libc.fplib
                0x00004e42        0xe c:/program files (x86)/atmel/studio/7.0/toolchain/avr8/avr8-gnu-toolchain/bin/../lib/gcc/avr/4.9.2/../../../../avr/lib/avr5\libm.a(fp_pscA.o)
                0x00004e42                __fp_pscA
 .text.avr-libc.fplib
                0x00004e50        0xe c:/program files (x86)/atmel/studio/7.0/toolchain/avr8/avr8-gnu-toolchain/bin/../lib/gcc/avr/4.9.2/../../../../avr/lib/avr5\libm.a(fp_pscB.o)
                0x00004e50                __fp_pscB
 .text.avr-libc.fplib
                0x00004e5e       0x22 c:/program files (x86)/atmel/studio/7.0/toolchain/avr8/avr8-gnu-toolchain/bin/../lib/gcc/avr/4.9.2/../../../../avr/lib/avr5\libm.a(fp_round.o)
                0x00004e5e                __fp_round
 .text.avr-libc.fplib
                0x00004e80       0x44 c:/program files (x86)/atmel/studio/7.0/toolchain/avr8/avr8-gnu-toolchain/bin/../lib/gcc/avr/4.9.2/../../../../avr/lib/avr5\libm.a(fp_split3.o)
                0x00004e80                __fp_split3
                0x00004e90                __fp_splitA
 .text.avr-libc.fplib
                0x00004ec4        0xe c:/program files (x86)/atmel/studio/7.0/toolchain/avr8/avr8-gnu-toolchain/bin/../lib/gcc/avr/4.9.2/../../../../avr/lib/avr5\libm.a(fp_zero.o)
                0x00004ec4                __fp_zero
                0x00004ec6                __fp_szero
 .text.avr-libc
                0x00004ed2        0xe c:/program files (x86)/atmel/studio/7.0/toolchain/avr8/avr8-gnu-toolchain/bin/../lib/gcc/avr/4.9.2/../../../../avr/lib/avr5\libc.a(memset.o)
                0x00004ed2                memset
 .text.avr-libc
                0x00004ee0        0xe c:/program files (x86)/atmel/studio/7.0/toolchain/avr8/avr8-gnu-toolchain/bin/../lib/gcc/avr/4.9.2/../../../../avr/lib/avr5\libc.a(strcpy.o)
                0x00004ee0                strcpy
 .text.avr-libc
                0x00004eee       0x34 c:/program files (x86)/atmel/studio/7.0/toolchain/avr8/avr8-gnu-toolchain/bin/../lib/gcc/avr/4.9.2/../../../../avr/lib/avr5\libc.a(strstr.o)
                0x00004eee                strstr
 .text.avr-libc
                0x00004f22       0x46 c:/program files (x86)/atmel/studio/7.0/toolchain/avr8/avr8-gnu-toolchain/bin/../lib/gcc/avr/4.9.2/../../../../avr/lib/avr5\libc.a(sprintf.o)
                0x00004f22                sprintf
 .text.avr-libc
                0x00004f68      0x3a4 c:/program files (x86)/atmel/studio/7.0/toolchain/avr8/avr8-gnu-toolchain/bin/../lib/gcc/avr/4.9.2/../../../../avr/lib/avr5\libc.a(vfprintf_std.o)
                0x00004f68                vfprintf
 .text.avr-libc
                0x0000530c       0x16 c:/program files (x86)/atmel/studio/7.0/toolchain/avr8/avr8-gnu-toolchain/bin/../lib/gcc/avr/4.9.2/../../../../avr/lib/avr5\libc.a(strnlen_P.o)
                0x0000530c                strnlen_P
 .text.avr-libc
                0x00005322       0x16 c:/program files (x86)/atmel/studio/7.0/toolchain/avr8/avr8-gnu-toolchain/bin/../lib/gcc/avr/4.9.2/../../../../avr/lib/avr5\libc.a(strnlen.o)
                0x00005322                strnlen
 .text.avr-libc
                0x00005338       0x70 c:/program files (x86)/atmel/studio/7.0/toolchain/avr8/avr8-gnu-toolchain/bin/../lib/gcc/avr/4.9.2/../../../../avr/lib/avr5\libc.a(fputc.o)
                0x00005338                fputc
 .text.avr-libc
                0x000053a8       0xbc c:/program files (x86)/atmel/studio/7.0/toolchain/avr8/avr8-gnu-toolchain/bin/../lib/gcc/avr/4.9.2/../../../../avr/lib/avr5\libc.a(ultoa_invert.o)
                0x000053a8                __ultoa_invert
 .text.libgcc.prologue
                0x00005464       0x38 c:/program files (x86)/atmel/studio/7.0/toolchain/avr8/avr8-gnu-toolchain/bin/../lib/gcc/avr/4.9.2/avr5\libgcc.a(_prologue.o)
                0x00005464                __prologue_saves__
 .text.libgcc.prologue
                0x0000549c       0x36 c:/program files (x86)/atmel/studio/7.0/toolchain/avr8/avr8-gnu-toolchain/bin/../lib/gcc/avr/4.9.2/avr5\libgcc.a(_epilogue.o)
                0x0000549c                __epilogue_restores__
                0x000054d2                . = ALIGN (0x2)
 *(.fini9)
 .fini9         0x000054d2        0x0 c:/program files (x86)/atmel/studio/7.0/toolchain/avr8/avr8-gnu-toolchain/bin/../lib/gcc/avr/4.9.2/avr5\libgcc.a(_exit.o)
                0x000054d2                _exit
                0x000054d2                exit
 *(.fini9)
 *(.fini8)
 *(.fini8)
 *(.fini7)
 *(.fini7)
 *(.fini6)
 .fini6         0x000054d2       0x16 c:/program files (x86)/atmel/studio/7.0/toolchain/avr8/avr8-gnu-toolchain/bin/../lib/gcc/avr/4.9.2/avr5\libgcc.a(_dtors.o)
                0x000054d2                __do_global_dtors
 *(.fini6)
 *(.fini5)
 *(.fini5)
 *(.fini4)
 *(.fini4)
 *(.fini3)
 *(.fini3)
 *(.fini2)
 *(.fini2)
 *(.fini1)
 *(.fini1)
 *(.fini0)
 .fini0         0x000054e8        0x4 c:/program files (x86)/atmel/studio/7.0/toolchain/avr8/avr8-gnu-toolchain/bin/../lib/gcc/avr/4.9.2/avr5\libgcc.a(_exit.o)
 *(.fini0)
                0x000054ec                _etext = .

.data           0x00800100      0x516 load address 0x000054ec
                0x00800100                PROVIDE (__data_start, .)
 *(.data)
 *(.data*)
 .data.HEADER   0x00800100       0x8e main.o
                0x00800100                HEADER
 .data.filename
                0x0080018e        0xd main.o
                0x0080018e                filename
 .data.Stat     0x0080019b        0x1 SD/mmc_bb.o
 .data.TIMEOUT4
                0x0080019c        0x2 WIFI/WIFI.o
                0x0080019c                TIMEOUT4
 .data.TIMEOUT3
                0x0080019e        0x2 WIFI/WIFI.o
                0x0080019e                TIMEOUT3
 .data.TIMEOUT2
                0x008001a0        0x2 WIFI/WIFI.o
                0x008001a0                TIMEOUT2
 .data.TIMEOUT1
                0x008001a2        0x2 WIFI/WIFI.o
                0x008001a2                TIMEOUT1
 *(.rodata)
 *(.rodata*)
 .rodata.str1.1
                0x008001a4       0x40 LOGGER/LOGGER.o
                                 0x44 (size before relaxing)
 .rodata.str1.1
                0x008001e4       0x32 main.o
                                 0x42 (size before relaxing)
 .rodata.str1.1
                0x00800216       0x53 SD/ff.o
 .rodata.str1.1
                0x00800269        0x9 SD/SDMacro.o
                                  0xa (size before relaxing)
 .rodata.str1.1
                0x00800272      0x3a4 WIFI/WIFI.o
                                0x3b3 (size before relaxing)
 *(.gnu.linkonce.d*)
                0x00800616                . = ALIGN (0x2)
                0x00800616                _edata = .
                0x00800616                PROVIDE (__data_end, .)

.bss            0x00800616      0x84e
                0x00800616                PROVIDE (__bss_start, .)
 *(.bss)
 *(.bss*)
 .bss.HEADER_len
                0x00800616        0x2 main.o
                0x00800616                HEADER_len
 .bss.PASSWORD  0x00800618       0x64 main.o
                0x00800618                PASSWORD
 .bss.USERNAME  0x0080067c       0x64 main.o
                0x0080067c                USERNAME
 .bss.file      0x008006e0       0x20 main.o
                0x008006e0                file
 .bss.fLOGGER   0x00800700      0x3bc main.o
                0x00800700                fLOGGER
 .bss.fSDMacro  0x00800abc      0x248 main.o
                0x00800abc                fSDMacro
 .bss.fWIFI     0x00800d04        0x1 main.o
                0x00800d04                fWIFI
 .bss.fPIC      0x00800d05        0x1 main.o
                0x00800d05                fPIC
 .bss.fDHT      0x00800d06        0x6 main.o
                0x00800d06                fDHT
 .bss.fTIMER2   0x00800d0c        0x1 main.o
                0x00800d0c                fTIMER2
 .bss.fTIMER    0x00800d0d        0x1 main.o
                0x00800d0d                fTIMER
 .bss.fI2C      0x00800d0e        0x1 main.o
                0x00800d0e                fI2C
 .bss.fRTC      0x00800d0f        0x1 main.o
                0x00800d0f                fRTC
 .bss.fUSART    0x00800d10        0x1 main.o
                0x00800d10                fUSART
 .bss.fADC      0x00800d11        0x1 main.o
                0x00800d11                fADC
 .bss.CurrVol   0x00800d12        0x1 SD/ff.o
 .bss.Fsid      0x00800d13        0x2 SD/ff.o
 .bss.FatFs     0x00800d15        0x4 SD/ff.o
 .bss.CardType  0x00800d19        0x1 SD/mmc_bb.o
 .bss.millis_return
                0x00800d1a        0x4 TIMER/TIMER2.o
                0x00800d1a                millis_return
 .bss.timer1_millis
                0x00800d1e        0x4 TIMER/TIMER2.o
                0x00800d1e                timer1_millis
 .bss.sny_lowocc_us
                0x00800d22        0x4 TIMER/TIMER2.o
                0x00800d22                sny_lowocc_us
 .bss.rise_edge
                0x00800d26        0x2 TIMER/TIMER2.o
                0x00800d26                rise_edge
 .bss.fall_edge
                0x00800d28        0x2 TIMER/TIMER2.o
                0x00800d28                fall_edge
 .bss.flag2     0x00800d2a        0x2 TIMER/TIMER2.o
                0x00800d2a                flag2
 .bss.message_INDEX
                0x00800d2c        0x2 WIFI/WIFI.o
                0x00800d2c                message_INDEX
 .bss.messageArray_STATUS
                0x00800d2e        0x2 WIFI/WIFI.o
                0x00800d2e                messageArray_STATUS
 .bss.messageArrayLen
                0x00800d30        0x2 WIFI/WIFI.o
                0x00800d30                messageArrayLen
 .bss.messageArray
                0x00800d32        0x2 WIFI/WIFI.o
                0x00800d32                messageArray
 .bss.doit      0x00800d34        0x2 WIFI/WIFI.o
                0x00800d34                doit
 .bss.read_buf_index
                0x00800d36        0x2 WIFI/WIFI.o
                0x00800d36                read_buf_index
 .bss.read_buf  0x00800d38      0x12c WIFI/WIFI.o
                0x00800d38                read_buf
 *(COMMON)
                0x00800e64                PROVIDE (__bss_end, .)
                0x000054ec                __data_load_start = LOADADDR (.data)
                0x00005a02                __data_load_end = (__data_load_start + SIZEOF (.data))

.noinit         0x00800e64        0x0
                0x00800e64                PROVIDE (__noinit_start, .)
 *(.noinit*)
                0x00800e64                PROVIDE (__noinit_end, .)
                0x00800e64                _end = .
                0x00800e64                PROVIDE (__heap_start, .)

.eeprom         0x00810000        0x0
 *(.eeprom*)
                0x00810000                __eeprom_end = .

.fuse
 *(.fuse)
 *(.lfuse)
 *(.hfuse)
 *(.efuse)

.lock
 *(.lock*)

.signature
 *(.signature*)

.user_signatures
 *(.user_signatures*)

.stab
 *(.stab)

.stabstr
 *(.stabstr)

.stab.excl
 *(.stab.excl)

.stab.exclstr
 *(.stab.exclstr)

.stab.index
 *(.stab.index)

.stab.indexstr
 *(.stab.indexstr)

.comment        0x00000000       0x8c
 *(.comment)
 .comment       0x00000000       0x30 ADC/ADCLIB.o
                                 0x31 (size before relaxing)
 .comment       0x00000030       0x31 DHT/DHT.o
 .comment       0x00000030       0x31 I2C/I2C.o
 .comment       0x00000030       0x31 LOGGER/LOGGER.o
 .comment       0x00000030       0x31 main.o
 .comment       0x00000030       0x31 PIC/PIC.o
 .comment       0x00000030       0x31 PIN/PIN.o
 .comment       0x00000030       0x31 RTC/RTC.o
 .comment       0x00000030       0x30 SD/ff.o
                                 0x31 (size before relaxing)
 .comment       0x00000060       0x31 SD/mmc_bb.o
 .comment       0x00000060       0x31 SD/SDMacro.o
 .comment       0x00000060       0x31 TIMER/TIMER.o
 .comment       0x00000060       0x31 TIMER/TIMER2.o
 .comment       0x00000060       0x31 USART/USART.o
 .comment       0x00000060       0x31 WIFI/WIFI.o
 .comment       0x00000060       0x31 c:/program files (x86)/atmel/studio/7.0/toolchain/avr8/avr8-gnu-toolchain/bin/../lib/gcc/avr/4.9.2/../../../../avr/lib/avr5\libc.a(sprintf.o)
 .comment       0x00000060       0x2c c:/program files (x86)/atmel/studio/7.0/toolchain/avr8/avr8-gnu-toolchain/bin/../lib/gcc/avr/4.9.2/../../../../avr/lib/avr5\libc.a(vfprintf_std.o)
                                 0x2d (size before relaxing)
 .comment       0x0000008c       0x31 c:/program files (x86)/atmel/studio/7.0/toolchain/avr8/avr8-gnu-toolchain/bin/../lib/gcc/avr/4.9.2/../../../../avr/lib/avr5\libc.a(fputc.o)

.note.gnu.avr.deviceinfo
                0x00000000       0x3c
 .note.gnu.avr.deviceinfo
                0x00000000       0x3c C:/Program Files (x86)/Atmel/Studio/7.0/Packs/atmel/ATmega_DFP/1.0.98/gcc/dev/atmega64/avr5/crtatmega64.o

.note.gnu.build-id
 *(.note.gnu.build-id)

.debug
 *(.debug)

.line
 *(.line)

.debug_srcinfo
 *(.debug_srcinfo)

.debug_sfnames
 *(.debug_sfnames)

.debug_aranges  0x00000000      0x678
 *(.debug_aranges)
 .debug_aranges
                0x00000000       0x48 ADC/ADCLIB.o
 .debug_aranges
                0x00000048       0x30 DHT/DHT.o
 .debug_aranges
                0x00000078       0x70 I2C/I2C.o
 .debug_aranges
                0x000000e8       0x88 LOGGER/LOGGER.o
 .debug_aranges
                0x00000170       0x68 main.o
 .debug_aranges
                0x000001d8       0x30 PIC/PIC.o
 .debug_aranges
                0x00000208       0x20 PIN/PIN.o
 .debug_aranges
                0x00000228       0x50 RTC/RTC.o
 .debug_aranges
                0x00000278      0x1b8 SD/ff.o
 .debug_aranges
                0x00000430       0x90 SD/mmc_bb.o
 .debug_aranges
                0x000004c0       0x60 SD/SDMacro.o
 .debug_aranges
                0x00000520       0x28 TIMER/TIMER.o
 .debug_aranges
                0x00000548       0x50 TIMER/TIMER2.o
 .debug_aranges
                0x00000598       0x70 USART/USART.o
 .debug_aranges
                0x00000608       0x70 WIFI/WIFI.o

.debug_pubnames
 *(.debug_pubnames)

.debug_info     0x00000000     0xea7f
 *(.debug_info .gnu.linkonce.wi.*)
 .debug_info    0x00000000      0x4c8 ADC/ADCLIB.o
 .debug_info    0x000004c8      0x51e DHT/DHT.o
 .debug_info    0x000009e6      0x57a I2C/I2C.o
 .debug_info    0x00000f60     0x1b92 LOGGER/LOGGER.o
 .debug_info    0x00002af2     0x25a9 main.o
 .debug_info    0x0000509b      0x524 PIC/PIC.o
 .debug_info    0x000055bf       0x7b PIN/PIN.o
 .debug_info    0x0000563a      0x904 RTC/RTC.o
 .debug_info    0x00005f3e     0x3f02 SD/ff.o
 .debug_info    0x00009e40      0xc82 SD/mmc_bb.o
 .debug_info    0x0000aac2      0xf5a SD/SDMacro.o
 .debug_info    0x0000ba1c      0x161 TIMER/TIMER.o
 .debug_info    0x0000bb7d      0x396 TIMER/TIMER2.o
 .debug_info    0x0000bf13      0x4cf USART/USART.o
 .debug_info    0x0000c3e2     0x269d WIFI/WIFI.o

.debug_abbrev   0x00000000     0x21c8
 *(.debug_abbrev)
 .debug_abbrev  0x00000000      0x1fa ADC/ADCLIB.o
 .debug_abbrev  0x000001fa      0x24f DHT/DHT.o
 .debug_abbrev  0x00000449      0x185 I2C/I2C.o
 .debug_abbrev  0x000005ce      0x397 LOGGER/LOGGER.o
 .debug_abbrev  0x00000965      0x47d main.o
 .debug_abbrev  0x00000de2      0x1cf PIC/PIC.o
 .debug_abbrev  0x00000fb1       0x45 PIN/PIN.o
 .debug_abbrev  0x00000ff6      0x1a8 RTC/RTC.o
 .debug_abbrev  0x0000119e      0x2fd SD/ff.o
 .debug_abbrev  0x0000149b      0x1e6 SD/mmc_bb.o
 .debug_abbrev  0x00001681      0x2b5 SD/SDMacro.o
 .debug_abbrev  0x00001936      0x11b TIMER/TIMER.o
 .debug_abbrev  0x00001a51      0x1d5 TIMER/TIMER2.o
 .debug_abbrev  0x00001c26      0x187 USART/USART.o
 .debug_abbrev  0x00001dad      0x41b WIFI/WIFI.o

.debug_line     0x00000000     0x465e
 *(.debug_line .debug_line.* .debug_line_end)
 .debug_line    0x00000000      0x1f3 ADC/ADCLIB.o
 .debug_line    0x000001f3      0x1af DHT/DHT.o
 .debug_line    0x000003a2      0x1c1 I2C/I2C.o
 .debug_line    0x00000563      0x36d LOGGER/LOGGER.o
 .debug_line    0x000008d0      0x33a main.o
 .debug_line    0x00000c0a       0xea PIC/PIC.o
 .debug_line    0x00000cf4       0x47 PIN/PIN.o
 .debug_line    0x00000d3b      0x13a RTC/RTC.o
 .debug_line    0x00000e75     0x2b64 SD/ff.o
 .debug_line    0x000039d9      0x3b5 SD/mmc_bb.o
 .debug_line    0x00003d8e      0x126 SD/SDMacro.o
 .debug_line    0x00003eb4       0xc0 TIMER/TIMER.o
 .debug_line    0x00003f74      0x1ba TIMER/TIMER2.o
 .debug_line    0x0000412e      0x11e USART/USART.o
 .debug_line    0x0000424c      0x412 WIFI/WIFI.o

.debug_frame    0x00000000     0x1d9c
 *(.debug_frame)
 .debug_frame   0x00000000       0x94 ADC/ADCLIB.o
 .debug_frame   0x00000094       0x94 DHT/DHT.o
 .debug_frame   0x00000128       0xc4 I2C/I2C.o
 .debug_frame   0x000001ec      0x334 LOGGER/LOGGER.o
 .debug_frame   0x00000520      0x144 main.o
 .debug_frame   0x00000664       0x70 PIC/PIC.o
 .debug_frame   0x000006d4       0x24 PIN/PIN.o
 .debug_frame   0x000006f8      0x104 RTC/RTC.o
 .debug_frame   0x000007fc      0xcb4 SD/ff.o
 .debug_frame   0x000014b0      0x27c SD/mmc_bb.o
 .debug_frame   0x0000172c      0x158 SD/SDMacro.o
 .debug_frame   0x00001884       0x34 TIMER/TIMER.o
 .debug_frame   0x000018b8       0xcc TIMER/TIMER2.o
 .debug_frame   0x00001984       0xec USART/USART.o
 .debug_frame   0x00001a70      0x32c WIFI/WIFI.o

.debug_str      0x00000000     0x1d48
 *(.debug_str)
 .debug_str     0x00000000      0x311 ADC/ADCLIB.o
                                0x353 (size before relaxing)
 .debug_str     0x00000311       0xe6 DHT/DHT.o
                                0x327 (size before relaxing)
 .debug_str     0x000003f7      0x134 I2C/I2C.o
                                0x2b7 (size before relaxing)
 .debug_str     0x0000052b      0xa3e LOGGER/LOGGER.o
                                0xee8 (size before relaxing)
 .debug_str     0x00000f69      0x500 main.o
                               0x1322 (size before relaxing)
 .debug_str     0x00001469       0x1b PIC/PIC.o
                                0x315 (size before relaxing)
 .debug_str     0x00001484        0xf PIN/PIN.o
                                0x1f6 (size before relaxing)
 .debug_str     0x00001493       0x24 RTC/RTC.o
                                0x3b0 (size before relaxing)
 .debug_str     0x000014b7      0x4ee SD/ff.o
                                0x798 (size before relaxing)
 .debug_str     0x000019a5       0x90 SD/mmc_bb.o
                                0x2c9 (size before relaxing)
 .debug_str     0x00001a35       0x4a SD/SDMacro.o
                                0x791 (size before relaxing)
 .debug_str     0x00001a7f       0x2d TIMER/TIMER.o
                                0x255 (size before relaxing)
 .debug_str     0x00001aac       0x7e TIMER/TIMER2.o
                                0x2ea (size before relaxing)
 .debug_str     0x00001b2a       0x33 USART/USART.o
                                0x33f (size before relaxing)
 .debug_str     0x00001b5d      0x1eb WIFI/WIFI.o
                                0xa48 (size before relaxing)

.debug_loc      0x00000000     0xcac7
 *(.debug_loc)
 .debug_loc     0x00000000      0x291 ADC/ADCLIB.o
 .debug_loc     0x00000291      0x4cf DHT/DHT.o
 .debug_loc     0x00000760      0x2a2 I2C/I2C.o
 .debug_loc     0x00000a02     0x1298 LOGGER/LOGGER.o
 .debug_loc     0x00001c9a      0x352 main.o
 .debug_loc     0x00001fec      0x223 PIC/PIC.o
 .debug_loc     0x0000220f      0x5de RTC/RTC.o
 .debug_loc     0x000027ed     0x76c1 SD/ff.o
 .debug_loc     0x00009eae      0xdda SD/mmc_bb.o
 .debug_loc     0x0000ac88      0x4c3 SD/SDMacro.o
 .debug_loc     0x0000b14b       0x26 TIMER/TIMER.o
 .debug_loc     0x0000b171      0x1e6 TIMER/TIMER2.o
 .debug_loc     0x0000b357      0x32c USART/USART.o
 .debug_loc     0x0000b683     0x1444 WIFI/WIFI.o

.debug_macinfo
 *(.debug_macinfo)

.debug_weaknames
 *(.debug_weaknames)

.debug_funcnames
 *(.debug_funcnames)

.debug_typenames
 *(.debug_typenames)

.debug_varnames
 *(.debug_varnames)

.debug_pubtypes
 *(.debug_pubtypes)

.debug_ranges   0x00000000      0x700
 *(.debug_ranges)
 .debug_ranges  0x00000000       0x38 ADC/ADCLIB.o
 .debug_ranges  0x00000038       0xb0 DHT/DHT.o
 .debug_ranges  0x000000e8       0x60 I2C/I2C.o
 .debug_ranges  0x00000148       0x78 LOGGER/LOGGER.o
 .debug_ranges  0x000001c0       0x58 main.o
 .debug_ranges  0x00000218       0x20 PIC/PIC.o
 .debug_ranges  0x00000238       0x10 PIN/PIN.o
 .debug_ranges  0x00000248       0x40 RTC/RTC.o
 .debug_ranges  0x00000288      0x1f0 SD/ff.o
 .debug_ranges  0x00000478       0x80 SD/mmc_bb.o
 .debug_ranges  0x000004f8       0x50 SD/SDMacro.o
 .debug_ranges  0x00000548       0x18 TIMER/TIMER.o
 .debug_ranges  0x00000560       0x40 TIMER/TIMER2.o
 .debug_ranges  0x000005a0       0x60 USART/USART.o
 .debug_ranges  0x00000600      0x100 WIFI/WIFI.o

.debug_macro
 *(.debug_macro)
OUTPUT(DEVICE2.5.elf elf32-avr)
LOAD linker stubs
